Archive member included to satisfy reference by file (symbol)

c:/vsarm/armcc/102021~1.10/bin/../lib/gcc/arm-none-eabi/10.3.1/thumb/v6-m/nofp\libgcc.a(_dvmd_tls.o)
                              CMakeFiles/ad5694r.dir/D_/LBNP_programming/Pico/pico-sdk/src/rp2_common/pico_divider/divider.S.obj (__aeabi_idiv0)
c:/vsarm/armcc/102021~1.10/bin/../lib/gcc/arm-none-eabi/10.3.1/../../../../arm-none-eabi/lib/thumb/v6-m/nofp\libg.a(lib_a-calloc.o)
                              CMakeFiles/ad5694r.dir/D_/LBNP_programming/Pico/pico-sdk/src/rp2_common/pico_malloc/pico_malloc.c.obj (calloc)
c:/vsarm/armcc/102021~1.10/bin/../lib/gcc/arm-none-eabi/10.3.1/../../../../arm-none-eabi/lib/thumb/v6-m/nofp\libg.a(lib_a-callocr.o)
                              c:/vsarm/armcc/102021~1.10/bin/../lib/gcc/arm-none-eabi/10.3.1/../../../../arm-none-eabi/lib/thumb/v6-m/nofp\libg.a(lib_a-calloc.o) (_calloc_r)
c:/vsarm/armcc/102021~1.10/bin/../lib/gcc/arm-none-eabi/10.3.1/../../../../arm-none-eabi/lib/thumb/v6-m/nofp\libg.a(lib_a-errno.o)
                              c:/vsarm/armcc/102021~1.10/bin/../lib/gcc/arm-none-eabi/10.3.1/../../../../arm-none-eabi/lib/thumb/v6-m/nofp\libg.a(lib_a-callocr.o) (__errno)
c:/vsarm/armcc/102021~1.10/bin/../lib/gcc/arm-none-eabi/10.3.1/../../../../arm-none-eabi/lib/thumb/v6-m/nofp\libg.a(lib_a-impure.o)
                              c:/vsarm/armcc/102021~1.10/bin/../lib/gcc/arm-none-eabi/10.3.1/../../../../arm-none-eabi/lib/thumb/v6-m/nofp\libg.a(lib_a-calloc.o) (_impure_ptr)
c:/vsarm/armcc/102021~1.10/bin/../lib/gcc/arm-none-eabi/10.3.1/../../../../arm-none-eabi/lib/thumb/v6-m/nofp\libg.a(lib_a-init.o)
                              c:/vsarm/armcc/102021~1.10/bin/../lib/gcc/arm-none-eabi/10.3.1/../../../../arm-none-eabi/lib/thumb/v6-m/nofp/crt0.o (__libc_init_array)
c:/vsarm/armcc/102021~1.10/bin/../lib/gcc/arm-none-eabi/10.3.1/../../../../arm-none-eabi/lib/thumb/v6-m/nofp\libg.a(lib_a-malloc.o)
                              CMakeFiles/ad5694r.dir/D_/LBNP_programming/Pico/pico-sdk/src/rp2_common/pico_malloc/pico_malloc.c.obj (malloc)
c:/vsarm/armcc/102021~1.10/bin/../lib/gcc/arm-none-eabi/10.3.1/../../../../arm-none-eabi/lib/thumb/v6-m/nofp\libg.a(lib_a-mallocr.o)
                              c:/vsarm/armcc/102021~1.10/bin/../lib/gcc/arm-none-eabi/10.3.1/../../../../arm-none-eabi/lib/thumb/v6-m/nofp\libg.a(lib_a-callocr.o) (_malloc_r)
c:/vsarm/armcc/102021~1.10/bin/../lib/gcc/arm-none-eabi/10.3.1/../../../../arm-none-eabi/lib/thumb/v6-m/nofp\libg.a(lib_a-mlock.o)
                              c:/vsarm/armcc/102021~1.10/bin/../lib/gcc/arm-none-eabi/10.3.1/../../../../arm-none-eabi/lib/thumb/v6-m/nofp\libg.a(lib_a-mallocr.o) (__malloc_lock)
c:/vsarm/armcc/102021~1.10/bin/../lib/gcc/arm-none-eabi/10.3.1/../../../../arm-none-eabi/lib/thumb/v6-m/nofp\libg.a(lib_a-realloc.o)
                              CMakeFiles/ad5694r.dir/D_/LBNP_programming/Pico/pico-sdk/src/rp2_common/pico_malloc/pico_malloc.c.obj (realloc)
c:/vsarm/armcc/102021~1.10/bin/../lib/gcc/arm-none-eabi/10.3.1/../../../../arm-none-eabi/lib/thumb/v6-m/nofp\libg.a(lib_a-reallocr.o)
                              c:/vsarm/armcc/102021~1.10/bin/../lib/gcc/arm-none-eabi/10.3.1/../../../../arm-none-eabi/lib/thumb/v6-m/nofp\libg.a(lib_a-realloc.o) (_realloc_r)
c:/vsarm/armcc/102021~1.10/bin/../lib/gcc/arm-none-eabi/10.3.1/../../../../arm-none-eabi/lib/thumb/v6-m/nofp\libg.a(lib_a-sbrkr.o)
                              c:/vsarm/armcc/102021~1.10/bin/../lib/gcc/arm-none-eabi/10.3.1/../../../../arm-none-eabi/lib/thumb/v6-m/nofp\libg.a(lib_a-mallocr.o) (_sbrk_r)
c:/vsarm/armcc/102021~1.10/bin/../lib/gcc/arm-none-eabi/10.3.1/../../../../arm-none-eabi/lib/thumb/v6-m/nofp\libg.a(lib_a-strlen-stub.o)
                              CMakeFiles/ad5694r.dir/D_/LBNP_programming/Pico/pico-sdk/src/rp2_common/pico_stdio/stdio.c.obj (strlen)
c:/vsarm/armcc/102021~1.10/bin/../lib/gcc/arm-none-eabi/10.3.1/../../../../arm-none-eabi/lib/thumb/v6-m/nofp\libg.a(lib_a-freer.o)
                              c:/vsarm/armcc/102021~1.10/bin/../lib/gcc/arm-none-eabi/10.3.1/../../../../arm-none-eabi/lib/thumb/v6-m/nofp\libg.a(lib_a-malloc.o) (_free_r)
c:/vsarm/armcc/102021~1.10/bin/../lib/gcc/arm-none-eabi/10.3.1/../../../../arm-none-eabi/lib/thumb/v6-m/nofp\libg.a(lib_a-lock.o)
                              c:/vsarm/armcc/102021~1.10/bin/../lib/gcc/arm-none-eabi/10.3.1/../../../../arm-none-eabi/lib/thumb/v6-m/nofp\libg.a(lib_a-mlock.o) (__retarget_lock_acquire_recursive)
c:/vsarm/armcc/102021~1.10/bin/../lib/gcc/arm-none-eabi/10.3.1/../../../../arm-none-eabi/lib/thumb/v6-m/nofp\libg.a(lib_a-memmove.o)
                              c:/vsarm/armcc/102021~1.10/bin/../lib/gcc/arm-none-eabi/10.3.1/../../../../arm-none-eabi/lib/thumb/v6-m/nofp\libg.a(lib_a-reallocr.o) (memmove)
c:/vsarm/armcc/102021~1.10/bin/../lib/gcc/arm-none-eabi/10.3.1/../../../../arm-none-eabi/lib/thumb/v6-m/nofp\libg.a(lib_a-reent.o)
[...]
Memory Configuration

Name             Origin             Length             Attributes
FLASH            0x10000000         0x00200000         xr
RAM              0x20000000         0x00040000         xrw
SCRATCH_X        0x20040000         0x00001000         xrw
SCRATCH_Y        0x20041000         0x00001000         xrw
*default*        0x00000000         0xffffffff

Linker script and memory map

LOAD c:/vsarm/armcc/102021~1.10/bin/../lib/gcc/arm-none-eabi/10.3.1/thumb/v6-m/nofp/crti.o
LOAD c:/vsarm/armcc/102021~1.10/bin/../lib/gcc/arm-none-eabi/10.3.1/thumb/v6-m/nofp/crtbegin.o
LOAD c:/vsarm/armcc/102021~1.10/bin/../lib/gcc/arm-none-eabi/10.3.1/../../../../arm-none-eabi/lib/thumb/v6-m/nofp/crt0.o

.flash_begin    0x10000000        0x0
                0x10000000                __flash_binary_start = .

.boot2          0x10000000      0x100
                0x10000000                __boot2_start__ = .
 *(.boot2)
 .boot2         0x10000000      0x100 C:\Users\nasim\AppData\Local\Temp\ccUcMXtg.o
                0x10000100                __boot2_end__ = .
                0x00000001                ASSERT (((__boot2_end__ - __boot2_start__) == 0x100), ERROR: Pico second stage bootloader must be 256 bytes in size)

.text           0x10000100     0x4338
                0x10000100                __logical_binary_start = .
 *(.vectors)
 .vectors       0x10000100       0xd4 CMakeFiles/ad5694r.dir/D_/LBNP_programming/Pico/pico-sdk/src/rp2_common/pico_standard_link/crt0.S.obj
                0x10000100                __VECTOR_TABLE
                0x10000100                __vectors
                0x100001c0                isr_invalid
                0x100001c0                __default_isrs_start
                0x100001c2                isr_nmi
                0x100001c4                isr_hardfault
                0x100001c6                isr_svcall
                0x100001c8                isr_pendsv
                0x100001ca                isr_systick
                0x100001cc                isr_irq23
                0x100001cc                isr_irq18
                0x100001cc                isr_irq11
                0x100001cc                isr_irq28
                0x100001cc                isr_irq19
                0x100001cc                isr_irq0
                0x100001cc                isr_irq6
                0x100001cc                isr_irq5
                0x100001cc                isr_irq12
                0x100001cc                isr_irq22
                0x100001cc                isr_irq31
                0x100001cc                isr_irq17
                0x100001cc                isr_irq27
                0x100001cc                isr_irq30
                0x100001cc                isr_irq2
                0x100001cc                isr_irq10
                0x100001cc                isr_irq8
                0x100001cc                isr_irq24
                0x100001cc                isr_irq1
                0x100001cc                isr_irq7
                0x100001cc                isr_irq21
                0x100001cc                isr_irq20
                0x100001cc                isr_irq15
                0x100001cc                isr_irq25
                0x100001cc                isr_irq13
                0x100001cc                __unhandled_user_irq
                0x100001cc                isr_irq4
                0x100001cc                isr_irq16
                0x100001cc                isr_irq29
                0x100001cc                isr_irq26
                0x100001cc                __default_isrs_end
                0x100001cc                isr_irq3
                0x100001cc                isr_irq14
                0x100001cc                isr_irq9
                0x100001d2                unhandled_user_irq_num_in_r0
 *(.binary_info_header)
 .binary_info_header
                0x100001d4       0x14 CMakeFiles/ad5694r.dir/D_/LBNP_programming/Pico/pico-sdk/src/rp2_common/pico_standard_link/crt0.S.obj
                0x100001e8                __binary_info_header_end = .
 *(.reset)
 .reset         0x100001e8       0xa0 CMakeFiles/ad5694r.dir/D_/LBNP_programming/Pico/pico-sdk/src/rp2_common/pico_standard_link/crt0.S.obj
                0x100001e8                _entry_point
 .reset         0x10000288       0x30 CMakeFiles/ad5694r.dir/D_/LBNP_programming/Pico/pico-sdk/src/rp2_common/pico_standard_link/binary_info.c.obj
 *(.init)
 .init          0x100002b8        0x4 c:/vsarm/armcc/102021~1.10/bin/../lib/gcc/arm-none-eabi/10.3.1/thumb/v6-m/nofp/crti.o
                0x100002b8                _init
 *(EXCLUDE_FILE(*libm.a: *libc.a:*lib_a-mem*.o *libgcc.a:) .text*)
 .text          0x100002bc       0x48 c:/vsarm/armcc/102021~1.10/bin/../lib/gcc/arm-none-eabi/10.3.1/thumb/v6-m/nofp/crtbegin.o
 .text.main     0x10000304       0x40 CMakeFiles/ad5694r.dir/ad5694r.cpp.obj
                0x10000304                main
 .text.gpio_set_function
                0x10000344       0x30 CMakeFiles/ad5694r.dir/D_/LBNP_programming/Pico/pico-sdk/src/rp2_common/hardware_gpio/gpio.c.obj
                0x10000344                gpio_set_function
 .text.gpio_set_pulls
                0x10000374       0x34 CMakeFiles/ad5694r.dir/D_/LBNP_programming/Pico/pico-sdk/src/rp2_common/hardware_gpio/gpio.c.obj
                0x10000374                gpio_set_pulls
 .text.running_on_fpga
                0x100003a8       0x14 CMakeFiles/ad5694r.dir/D_/LBNP_programming/Pico/pico-sdk/src/rp2_common/pico_platform/platform.c.obj
                0x100003a8                running_on_fpga
 .text.hw_claim_lock
                0x100003bc       0x18 CMakeFiles/ad5694r.dir/D_/LBNP_programming/Pico/pico-sdk/src/rp2_common/hardware_claim/claim.c.obj
                0x100003bc                hw_claim_lock
 .text.hw_claim_unlock
                0x100003d4       0x14 CMakeFiles/ad5694r.dir/D_/LBNP_programming/Pico/pico-sdk/src/rp2_common/hardware_claim/claim.c.obj
                0x100003d4                hw_claim_unlock
 .text.hw_claim_or_assert
                0x100003e8       0x32 CMakeFiles/ad5694r.dir/D_/LBNP_programming/Pico/pico-sdk/src/rp2_common/hardware_claim/claim.c.obj
                0x100003e8                hw_claim_or_assert
 *fill*         0x1000041a        0x2 
 .text.spin_locks_reset
                0x1000041c       0x20 CMakeFiles/ad5694r.dir/D_/LBNP_programming/Pico/pico-sdk/src/rp2_common/hardware_sync/sync.c.obj
                0x1000041c                spin_locks_reset
 .text.next_striped_spin_lock_num
                0x1000043c       0x1c CMakeFiles/ad5694r.dir/D_/LBNP_programming/Pico/pico-sdk/src/rp2_common/hardware_sync/sync.c.obj
                0x1000043c                next_striped_spin_lock_num
 .text.set_raw_irq_handler_and_unlock
                0x10000458       0x28 CMakeFiles/ad5694r.dir/D_/LBNP_programming/Pico/pico-sdk/src/rp2_common/hardware_irq/irq.c.obj
 .text.make_branch
                0x10000480       0x48 CMakeFiles/ad5694r.dir/D_/LBNP_programming/Pico/pico-sdk/src/rp2_common/hardware_irq/irq.c.obj
 .text.insert_branch_and_link
                0x100004c8       0x40 CMakeFiles/ad5694r.dir/D_/LBNP_programming/Pico/pico-sdk/src/rp2_common/hardware_irq/irq.c.obj
 .text.irq_is_enabled
                0x10000508       0x18 CMakeFiles/ad5694r.dir/D_/LBNP_programming/Pico/pico-sdk/src/rp2_common/hardware_irq/irq.c.obj
                0x10000508                irq_is_enabled
 .text.irq_set_mask_enabled
                0x10000520       0x20 CMakeFiles/ad5694r.dir/D_/LBNP_programming/Pico/pico-sdk/src/rp2_common/hardware_irq/irq.c.obj
                0x10000520                irq_set_mask_enabled
 .text.irq_set_enabled
                0x10000540        0xe CMakeFiles/ad5694r.dir/D_/LBNP_programming/Pico/pico-sdk/src/rp2_common/hardware_irq/irq.c.obj
                0x10000540                irq_set_enabled
 *fill*         0x1000054e        0x2 
 .text.irq_get_vtable_handler
                0x10000550       0x10 CMakeFiles/ad5694r.dir/D_/LBNP_programming/Pico/pico-sdk/src/rp2_common/hardware_irq/irq.c.obj
                0x10000550                irq_get_vtable_handler
 .text.irq_set_exclusive_handler
                0x10000560       0x54 CMakeFiles/ad5694r.dir/D_/LBNP_programming/Pico/pico-sdk/src/rp2_common/hardware_irq/irq.c.obj
                0x10000560                irq_set_exclusive_handler
 .text.irq_remove_handler
                0x100005b4      0x1ac CMakeFiles/ad5694r.dir/D_/LBNP_programming/Pico/pico-sdk/src/rp2_common/hardware_irq/irq.c.obj
                0x100005b4                irq_remove_handler
 .text.irq_add_tail_to_free_list
                0x10000760       0xf0 CMakeFiles/ad5694r.dir/D_/LBNP_programming/Pico/pico-sdk/src/rp2_common/hardware_irq/irq.c.obj
                0x10000760                irq_add_tail_to_free_list
 .text.irq_init_priorities
                0x10000850       0x1c CMakeFiles/ad5694r.dir/D_/LBNP_programming/Pico/pico-sdk/src/rp2_common/hardware_irq/irq.c.obj
                0x10000850                irq_init_priorities
 .text.lock_init
                0x1000086c       0x10 CMakeFiles/ad5694r.dir/D_/LBNP_programming/Pico/pico-sdk/src/common/pico_sync/lock_core.c.obj
                0x1000086c                lock_init
 .text.mutex_init
                0x1000087c       0x1a CMakeFiles/ad5694r.dir/D_/LBNP_programming/Pico/pico-sdk/src/common/pico_sync/mutex.c.obj
                0x1000087c                mutex_init
 .text.recursive_mutex_init
                0x10000896       0x1e CMakeFiles/ad5694r.dir/D_/LBNP_programming/Pico/pico-sdk/src/common/pico_sync/mutex.c.obj
                0x10000896                recursive_mutex_init
 .text.alarm_pool_post_alloc_init
                0x100008b4       0x40 CMakeFiles/ad5694r.dir/D_/LBNP_programming/Pico/pico-sdk/src/common/pico_time/time.c.obj
 .text.sleep_until_callback
                0x100008f4       0x30 CMakeFiles/ad5694r.dir/D_/LBNP_programming/Pico/pico-sdk/src/common/pico_time/time.c.obj
 .text.timer_pool_entry_comparator
                0x10000924       0x7c CMakeFiles/ad5694r.dir/D_/LBNP_programming/Pico/pico-sdk/src/common/pico_time/time.c.obj
                0x10000924                timer_pool_entry_comparator
 .text.ph_add_child_node
                0x100009a0       0xa4 CMakeFiles/ad5694r.dir/D_/LBNP_programming/Pico/pico-sdk/src/common/pico_time/time.c.obj
 .text.ph_merge_nodes
                0x10000a44       0x3e CMakeFiles/ad5694r.dir/D_/LBNP_programming/Pico/pico-sdk/src/common/pico_time/time.c.obj
 *fill*         0x10000a82        0x2 
 .text.add_alarm_under_lock
                0x10000a84      0x174 CMakeFiles/ad5694r.dir/D_/LBNP_programming/Pico/pico-sdk/src/common/pico_time/time.c.obj
 .text.alarm_pool_alarm_callback
                0x10000bf8      0x33c CMakeFiles/ad5694r.dir/D_/LBNP_programming/Pico/pico-sdk/src/common/pico_time/time.c.obj
 .text.alarm_pool_init_default
                0x10000f34       0x40 CMakeFiles/ad5694r.dir/D_/LBNP_programming/Pico/pico-sdk/src/common/pico_time/time.c.obj
                0x10000f34                alarm_pool_init_default
 .text.alarm_pool_get_default
                0x10000f74       0x2c CMakeFiles/ad5694r.dir/D_/LBNP_programming/Pico/pico-sdk/src/common/pico_time/time.c.obj
                0x10000f74                alarm_pool_get_default
 .text.alarm_pool_add_alarm_at
                0x10000fa0      0x168 CMakeFiles/ad5694r.dir/D_/LBNP_programming/Pico/pico-sdk/src/common/pico_time/time.c.obj
                0x10000fa0                alarm_pool_add_alarm_at
 .text.alarm_pool_cancel_alarm
                0x10001108       0xf0 CMakeFiles/ad5694r.dir/D_/LBNP_programming/Pico/pico-sdk/src/common/pico_time/time.c.obj
                0x10001108                alarm_pool_cancel_alarm
 .text.sleep_until
                0x100011f8       0xfc CMakeFiles/ad5694r.dir/D_/LBNP_programming/Pico/pico-sdk/src/common/pico_time/time.c.obj
                0x100011f8                sleep_until
 .text.sleep_us
                0x100012f4       0x58 CMakeFiles/ad5694r.dir/D_/LBNP_programming/Pico/pico-sdk/src/common/pico_time/time.c.obj
                0x100012f4                sleep_us
 .text.sleep_ms
                0x1000134c       0x14 CMakeFiles/ad5694r.dir/D_/LBNP_programming/Pico/pico-sdk/src/common/pico_time/time.c.obj
                0x1000134c                sleep_ms
 .text.best_effort_wfe_or_timeout
                0x10001360       0xac CMakeFiles/ad5694r.dir/D_/LBNP_programming/Pico/pico-sdk/src/common/pico_time/time.c.obj
                0x10001360                best_effort_wfe_or_timeout
 .text.hardware_alarm_irq_handler
                0x1000140c       0x90 CMakeFiles/ad5694r.dir/D_/LBNP_programming/Pico/pico-sdk/src/rp2_common/hardware_timer/timer.c.obj
 .text.hardware_alarm_claim
                0x1000149c       0x18 CMakeFiles/ad5694r.dir/D_/LBNP_programming/Pico/pico-sdk/src/rp2_common/hardware_timer/timer.c.obj
                0x1000149c                hardware_alarm_claim
 .text.time_us_64
                0x100014b4       0x18 CMakeFiles/ad5694r.dir/D_/LBNP_programming/Pico/pico-sdk/src/rp2_common/hardware_timer/timer.c.obj
                0x100014b4                time_us_64
 .text.busy_wait_until
                0x100014cc       0x28 CMakeFiles/ad5694r.dir/D_/LBNP_programming/Pico/pico-sdk/src/rp2_common/hardware_timer/timer.c.obj
                0x100014cc                busy_wait_until
 .text.hardware_alarm_set_callback
                0x100014f4       0x90 CMakeFiles/ad5694r.dir/D_/LBNP_programming/Pico/pico-sdk/src/rp2_common/hardware_timer/timer.c.obj
                0x100014f4                hardware_alarm_set_callback
 .text.hardware_alarm_set_target
                0x10001584       0xe8 CMakeFiles/ad5694r.dir/D_/LBNP_programming/Pico/pico-sdk/src/rp2_common/hardware_timer/timer.c.obj
                0x10001584                hardware_alarm_set_target
 .text.hardware_alarm_cancel
                0x1000166c       0x40 CMakeFiles/ad5694r.dir/D_/LBNP_programming/Pico/pico-sdk/src/rp2_common/hardware_timer/timer.c.obj
                0x1000166c                hardware_alarm_cancel
 .text.ph_add_child_node
                0x100016ac       0xa4 CMakeFiles/ad5694r.dir/D_/LBNP_programming/Pico/pico-sdk/src/common/pico_util/pheap.c.obj
 .text.ph_merge_nodes
                0x10001750       0x3e CMakeFiles/ad5694r.dir/D_/LBNP_programming/Pico/pico-sdk/src/common/pico_util/pheap.c.obj
 *fill*         0x1000178e        0x2 
 .text.ph_clear
                0x10001790       0x70 CMakeFiles/ad5694r.dir/D_/LBNP_programming/Pico/pico-sdk/src/common/pico_util/pheap.c.obj
                0x10001790                ph_clear
 .text.ph_post_alloc_init
                0x10001800        0xe CMakeFiles/ad5694r.dir/D_/LBNP_programming/Pico/pico-sdk/src/common/pico_util/pheap.c.obj
                0x10001800                ph_post_alloc_init
 *fill*         0x1000180e        0x2 
 .text.ph_merge_two_pass
                0x10001810       0xa8 CMakeFiles/ad5694r.dir/D_/LBNP_programming/Pico/pico-sdk/src/common/pico_util/pheap.c.obj
                0x10001810                ph_merge_two_pass
 .text.ph_remove_any_head
                0x100018b8      0x128 CMakeFiles/ad5694r.dir/D_/LBNP_programming/Pico/pico-sdk/src/common/pico_util/pheap.c.obj
 .text.ph_remove_head
                0x100019e0       0x14 CMakeFiles/ad5694r.dir/D_/LBNP_programming/Pico/pico-sdk/src/common/pico_util/pheap.c.obj
                0x100019e0                ph_remove_head
 .text.ph_remove_and_free_node
                0x100019f4       0xf8 CMakeFiles/ad5694r.dir/D_/LBNP_programming/Pico/pico-sdk/src/common/pico_util/pheap.c.obj
                0x100019f4                ph_remove_and_free_node
 .text.clock_configure
                0x10001aec      0x104 CMakeFiles/ad5694r.dir/D_/LBNP_programming/Pico/pico-sdk/src/rp2_common/hardware_clocks/clocks.c.obj
                0x10001aec                clock_configure
 .text.clocks_init
                0x10001bf0      0x100 CMakeFiles/ad5694r.dir/D_/LBNP_programming/Pico/pico-sdk/src/rp2_common/hardware_clocks/clocks.c.obj
                0x10001bf0                clocks_init
 .text.clock_get_hz
                0x10001cf0        0xc CMakeFiles/ad5694r.dir/D_/LBNP_programming/Pico/pico-sdk/src/rp2_common/hardware_clocks/clocks.c.obj
                0x10001cf0                clock_get_hz
 .text.pll_init
                0x10001cfc      0x12c CMakeFiles/ad5694r.dir/D_/LBNP_programming/Pico/pico-sdk/src/rp2_common/hardware_pll/pll.c.obj
                0x10001cfc                pll_init
 .text.watchdog_start_tick
                0x10001e28       0x10 CMakeFiles/ad5694r.dir/D_/LBNP_programming/Pico/pico-sdk/src/rp2_common/hardware_watchdog/watchdog.c.obj
                0x10001e28                watchdog_start_tick
 .text.xosc_init
                0x10001e38       0x28 CMakeFiles/ad5694r.dir/D_/LBNP_programming/Pico/pico-sdk/src/rp2_common/hardware_xosc/xosc.c.obj
                0x10001e38                xosc_init
 .text._exit    0x10001e60        0x4 CMakeFiles/ad5694r.dir/D_/LBNP_programming/Pico/pico-sdk/src/rp2_common/pico_runtime/runtime.c.obj
                0x10001e60                _exit
 .text.exit     0x10001e64        0x6 CMakeFiles/ad5694r.dir/D_/LBNP_programming/Pico/pico-sdk/src/rp2_common/pico_runtime/runtime.c.obj
                0x10001e64                exit
 *fill*         0x10001e6a        0x2 
 .text.__assert_func
                0x10001e6c       0x3c CMakeFiles/ad5694r.dir/D_/LBNP_programming/Pico/pico-sdk/src/rp2_common/pico_runtime/runtime.c.obj
                0x10001e6c                __assert_func
 .text.runtime_init
                0x10001ea8       0xf8 CMakeFiles/ad5694r.dir/D_/LBNP_programming/Pico/pico-sdk/src/rp2_common/pico_runtime/runtime.c.obj
                0x10001ea8                runtime_init
 .text.panic    0x10001fa0       0x30 CMakeFiles/ad5694r.dir/D_/LBNP_programming/Pico/pico-sdk/src/rp2_common/pico_runtime/runtime.c.obj
                0x10001fa0                panic
 .text._out_null
                0x10001fd0        0x2 CMakeFiles/ad5694r.dir/D_/LBNP_programming/Pico/pico-sdk/src/rp2_common/pico_printf/printf.c.obj
 .text._out_fct
                0x10001fd2        0xe CMakeFiles/ad5694r.dir/D_/LBNP_programming/Pico/pico-sdk/src/rp2_common/pico_printf/printf.c.obj
 .text._atoi    0x10001fe0       0x24 CMakeFiles/ad5694r.dir/D_/LBNP_programming/Pico/pico-sdk/src/rp2_common/pico_printf/printf.c.obj
 .text._out_rev
                0x10002004       0xae CMakeFiles/ad5694r.dir/D_/LBNP_programming/Pico/pico-sdk/src/rp2_common/pico_printf/printf.c.obj
 .text._ntoa_format
                0x100020b2      0x112 CMakeFiles/ad5694r.dir/D_/LBNP_programming/Pico/pico-sdk/src/rp2_common/pico_printf/printf.c.obj
 .text._ntoa_long
                0x100021c4       0xbc CMakeFiles/ad5694r.dir/D_/LBNP_programming/Pico/pico-sdk/src/rp2_common/pico_printf/printf.c.obj
 .text._ntoa_long_long
                0x10002280       0xe2 CMakeFiles/ad5694r.dir/D_/LBNP_programming/Pico/pico-sdk/src/rp2_common/pico_printf/printf.c.obj
 *fill*         0x10002362        0x2 
 .text._etoa    0x10002364      0x414 CMakeFiles/ad5694r.dir/D_/LBNP_programming/Pico/pico-sdk/src/rp2_common/pico_printf/printf.c.obj
 .text._ftoa    0x10002778      0x354 CMakeFiles/ad5694r.dir/D_/LBNP_programming/Pico/pico-sdk/src/rp2_common/pico_printf/printf.c.obj
 .text._vsnprintf
                0x10002acc      0x624 CMakeFiles/ad5694r.dir/D_/LBNP_programming/Pico/pico-sdk/src/rp2_common/pico_printf/printf.c.obj
 .text.vfctprintf
                0x100030f0       0x20 CMakeFiles/ad5694r.dir/D_/LBNP_programming/Pico/pico-sdk/src/rp2_common/pico_printf/printf.c.obj
                0x100030f0                vfctprintf
 .text          0x10003110       0x10 CMakeFiles/ad5694r.dir/D_/LBNP_programming/Pico/pico-sdk/src/rp2_common/pico_bit_ops/bit_ops_aeabi.S.obj
 .text.rom_func_lookup
                0x10003120       0x10 CMakeFiles/ad5694r.dir/D_/LBNP_programming/Pico/pico-sdk/src/rp2_common/pico_bootrom/bootrom.c.obj
                0x10003120                rom_func_lookup
 .text.rom_data_lookup
                0x10003130       0x10 CMakeFiles/ad5694r.dir/D_/LBNP_programming/Pico/pico-sdk/src/rp2_common/pico_bootrom/bootrom.c.obj
                0x10003130                rom_data_lookup
 .text.rom_funcs_lookup
                0x10003140       0x36 CMakeFiles/ad5694r.dir/D_/LBNP_programming/Pico/pico-sdk/src/rp2_common/pico_bootrom/bootrom.c.obj
                0x10003140                rom_funcs_lookup
 *fill*         0x10003176        0x2 
 .text.__wrap___aeabi_idiv
                0x10003178       0x50 CMakeFiles/ad5694r.dir/D_/LBNP_programming/Pico/pico-sdk/src/rp2_common/pico_divider/divider.S.obj
                0x10003178                __wrap___aeabi_idivmod
                0x10003178                divmod_s32s32
                0x10003178                div_s32s32
                0x10003178                __wrap___aeabi_idiv
                0x10003180                divmod_s32s32_unsafe
                0x100031ac                divmod_s32s32_savestate
 .text.__wrap___aeabi_uidiv
                0x100031c8       0x4c CMakeFiles/ad5694r.dir/D_/LBNP_programming/Pico/pico-sdk/src/rp2_common/pico_divider/divider.S.obj
                0x100031c8                __wrap___aeabi_uidiv
                0x100031c8                __wrap___aeabi_uidivmod
                0x100031c8                div_u32u32
                0x100031c8                divmod_u32u32
                0x100031d0                divmod_u32u32_unsafe
                0x100031f8                divmod_u32u32_savestate
 .text.__wrap___aeabi_ldiv
                0x10003214      0x424 CMakeFiles/ad5694r.dir/D_/LBNP_programming/Pico/pico-sdk/src/rp2_common/pico_divider/divider.S.obj
                0x10003214                div_s64s64
                0x10003214                divmod_s64s64
                0x10003214                __wrap___aeabi_ldivmod
                0x10003244                divmod_u64u64
                0x10003244                div_u64u64
                0x10003244                __wrap___aeabi_uldivmod
                0x10003254                divmod_u64u64_savestate
                0x10003274                divmod_s64s64_unsafe
                0x100032fc                divmod_u64u64_unsafe
 .text.__wrap___aeabi_darithmetic
                0x10003638       0x80 CMakeFiles/ad5694r.dir/D_/LBNP_programming/Pico/pico-sdk/src/rp2_common/pico_double/double_aeabi.S.obj
                0x10003638                __wrap___aeabi_drsub
                0x1000363e                __wrap___aeabi_dsub
                0x10003650                __wrap___aeabi_dadd
                0x10003662                __wrap___aeabi_ddiv
                0x1000369e                __wrap___aeabi_dmul
 .text.__wrap___aeabi_cdcmple
                0x100036b8       0x6c CMakeFiles/ad5694r.dir/D_/LBNP_programming/Pico/pico-sdk/src/rp2_common/pico_double/double_aeabi.S.obj
                0x100036b8                __wrap___aeabi_cdrcmple
                0x100036c8                __wrap___aeabi_cdcmpeq
                0x100036c8                __wrap___aeabi_cdcmple
 .text.__wrap___aeabi_dcmplt
                0x10003724        0xc CMakeFiles/ad5694r.dir/D_/LBNP_programming/Pico/pico-sdk/src/rp2_common/pico_double/double_aeabi.S.obj
                0x10003724                __wrap___aeabi_dcmplt
 .text.__wrap___aeabi_dcmple
                0x10003730       0x10 CMakeFiles/ad5694r.dir/D_/LBNP_programming/Pico/pico-sdk/src/rp2_common/pico_double/double_aeabi.S.obj
                0x10003730                __wrap___aeabi_dcmple
 .text.__wrap___aeabi_dcmpge
                0x10003740       0x10 CMakeFiles/ad5694r.dir/D_/LBNP_programming/Pico/pico-sdk/src/rp2_common/pico_double/double_aeabi.S.obj
                0x10003740                __wrap___aeabi_dcmpge
 .text.__wrap___aeabi_dcmpgt
                0x10003750        0xa CMakeFiles/ad5694r.dir/D_/LBNP_programming/Pico/pico-sdk/src/rp2_common/pico_double/double_aeabi.S.obj
                0x10003750                __wrap___aeabi_dcmpgt
 .text.__wrap___aeabi_dcmpun
                0x1000375a       0x1c CMakeFiles/ad5694r.dir/D_/LBNP_programming/Pico/pico-sdk/src/rp2_common/pico_double/double_aeabi.S.obj
                0x1000375a                __wrap___aeabi_dcmpun
 *fill*         0x10003776        0x2 
 .text.__wrap___aeabi_i2d
                0x10003778       0x38 CMakeFiles/ad5694r.dir/D_/LBNP_programming/Pico/pico-sdk/src/rp2_common/pico_double/double_aeabi.S.obj
                0x10003778                __wrap___aeabi_ui2d
                0x10003780                __wrap___aeabi_i2d
 .text.__wrap___aeabi_d2iz
                0x100037b0       0x48 CMakeFiles/ad5694r.dir/D_/LBNP_programming/Pico/pico-sdk/src/rp2_common/pico_double/double_aeabi.S.obj
                0x100037b0                double2int_z
                0x100037b0                __wrap___aeabi_d2iz
 .text.__wrap___aeabi_d2uiz
                0x100037f8       0x18 CMakeFiles/ad5694r.dir/D_/LBNP_programming/Pico/pico-sdk/src/rp2_common/pico_double/double_aeabi.S.obj
                0x100037f8                __wrap___aeabi_d2uiz
                0x100037f8                double2uint
 .text.__aeabi_double_init
                0x10003810       0xc8 CMakeFiles/ad5694r.dir/D_/LBNP_programming/Pico/pico-sdk/src/rp2_common/pico_double/double_init_rom.c.obj
                0x10003810                __aeabi_double_init
 .text.double_table_shim_on_use_helper
                0x100038d8       0x34 CMakeFiles/ad5694r.dir/D_/LBNP_programming/Pico/pico-sdk/src/rp2_common/pico_double/double_v1_rom_shim.S.obj
                0x100038d8                double_table_shim_on_use_helper
 .text.__wrap___aeabi_dsub
                0x1000390c       0x10 CMakeFiles/ad5694r.dir/D_/LBNP_programming/Pico/pico-sdk/src/rp2_common/pico_double/double_v1_rom_shim.S.obj
                0x1000390c                drsub_shim
                0x10003912                dsub_shim
 .text.dadd_shim
                0x1000391c      0x15c CMakeFiles/ad5694r.dir/D_/LBNP_programming/Pico/pico-sdk/src/rp2_common/pico_double/double_v1_rom_shim.S.obj
                0x1000391c                dadd_shim
 .text.dmul_shim
                0x10003a78      0x15c CMakeFiles/ad5694r.dir/D_/LBNP_programming/Pico/pico-sdk/src/rp2_common/pico_double/double_v1_rom_shim.S.obj
                0x10003a78                dmul_shim
 .text.ddiv_shim
                0x10003bd4      0x1b0 CMakeFiles/ad5694r.dir/D_/LBNP_programming/Pico/pico-sdk/src/rp2_common/pico_double/double_v1_rom_shim.S.obj
                0x10003bd4                ddiv_shim
 .text.double2uint_shim
                0x10003d84        0xe CMakeFiles/ad5694r.dir/D_/LBNP_programming/Pico/pico-sdk/src/rp2_common/pico_double/double_v1_rom_shim.S.obj
                0x10003d84                double2uint_shim
                0x10003d86                double2ufix_shim
 *fill*         0x10003d92        0x2 
 .text.double2uint64_shim
                0x10003d94       0x70 CMakeFiles/ad5694r.dir/D_/LBNP_programming/Pico/pico-sdk/src/rp2_common/pico_double/double_v1_rom_shim.S.obj
                0x10003d94                double2uint64_shim
                0x10003d96                double2ufix64_shim
                0x10003db6                d2fix_a
 .text.dunpacks
                0x10003e04       0x3c CMakeFiles/ad5694r.dir/D_/LBNP_programming/Pico/pico-sdk/src/rp2_common/pico_double/double_v1_rom_shim.S.obj
                0x10003e04                dunpacks
 .text.__aeabi_lmul
                0x10003e40       0x32 CMakeFiles/ad5694r.dir/D_/LBNP_programming/Pico/pico-sdk/src/rp2_common/pico_int64_ops/pico_int64_ops_aeabi.S.obj
                0x10003e40                __wrap___aeabi_lmul
 *fill*         0x10003e72        0x2 
 .text.__aeabi_float_init
                0x10003e74       0xfc CMakeFiles/ad5694r.dir/D_/LBNP_programming/Pico/pico-sdk/src/rp2_common/pico_float/float_init_rom.c.obj
                0x10003e74                __aeabi_float_init
 .text.float_table_shim_on_use_helper
                0x10003f70       0x34 CMakeFiles/ad5694r.dir/D_/LBNP_programming/Pico/pico-sdk/src/rp2_common/pico_float/float_v1_rom_shim.S.obj
                0x10003f70                float_table_shim_on_use_helper
 .text          0x10003fa4       0x10 CMakeFiles/ad5694r.dir/D_/LBNP_programming/Pico/pico-sdk/src/rp2_common/pico_mem_ops/mem_ops_aeabi.S.obj
                0x10003fa4                __aeabi_mem_init
 .text.memcpy   0x10003fb4        0xc CMakeFiles/ad5694r.dir/D_/LBNP_programming/Pico/pico-sdk/src/rp2_common/pico_mem_ops/mem_ops_aeabi.S.obj
                0x10003fb4                __wrap_memcpy
                0x10003fb4                __wrap___aeabi_memcpy
 .text.stdio_out_chars_no_crlf
                0x10003fc0        0xe CMakeFiles/ad5694r.dir/D_/LBNP_programming/Pico/pico-sdk/src/rp2_common/pico_stdio/stdio.c.obj
 *fill*         0x10003fce        0x2 
 .text.stdio_out_chars_crlf
                0x10003fd0       0x80 CMakeFiles/ad5694r.dir/D_/LBNP_programming/Pico/pico-sdk/src/rp2_common/pico_stdio/stdio.c.obj
 .text.stdio_stack_buffer_flush
                0x10004050       0x44 CMakeFiles/ad5694r.dir/D_/LBNP_programming/Pico/pico-sdk/src/rp2_common/pico_stdio/stdio.c.obj
 .text.stdio_buffered_printer
                0x10004094       0x20 CMakeFiles/ad5694r.dir/D_/LBNP_programming/Pico/pico-sdk/src/rp2_common/pico_stdio/stdio.c.obj
 .text.stdout_serialize_begin
                0x100040b4       0x5c CMakeFiles/ad5694r.dir/D_/LBNP_programming/Pico/pico-sdk/src/rp2_common/pico_stdio/stdio.c.obj
                0x100040b4                stdout_serialize_begin
 .text.stdout_serialize_end
                0x10004110       0x10 CMakeFiles/ad5694r.dir/D_/LBNP_programming/Pico/pico-sdk/src/rp2_common/pico_stdio/stdio.c.obj
                0x10004110                stdout_serialize_end
 .text.stdio_put_string
                0x10004120       0x98 CMakeFiles/ad5694r.dir/D_/LBNP_programming/Pico/pico-sdk/src/rp2_common/pico_stdio/stdio.c.obj
 .text.stdio_flush
                0x100041b8       0x20 CMakeFiles/ad5694r.dir/D_/LBNP_programming/Pico/pico-sdk/src/rp2_common/pico_stdio/stdio.c.obj
                0x100041b8                stdio_flush
 .text.__wrap_puts
                0x100041d8       0x1e CMakeFiles/ad5694r.dir/D_/LBNP_programming/Pico/pico-sdk/src/rp2_common/pico_stdio/stdio.c.obj
                0x100041d8                __wrap_puts
 *fill*         0x100041f6        0x2 
 .text.__wrap_vprintf
                0x100041f8       0x40 CMakeFiles/ad5694r.dir/D_/LBNP_programming/Pico/pico-sdk/src/rp2_common/pico_stdio/stdio.c.obj
                0x100041f8                __wrap_vprintf
 .text.__wrap_printf
                0x10004238       0x18 CMakeFiles/ad5694r.dir/D_/LBNP_programming/Pico/pico-sdk/src/rp2_common/pico_stdio/stdio.c.obj
                0x10004238                __wrap_printf
 .text.i2c_set_baudrate
                0x10004250       0xf0 CMakeFiles/ad5694r.dir/D_/LBNP_programming/Pico/pico-sdk/src/rp2_common/hardware_i2c/i2c.c.obj
                0x10004250                i2c_set_baudrate
 .text.i2c_init
                0x10004340       0x58 CMakeFiles/ad5694r.dir/D_/LBNP_programming/Pico/pico-sdk/src/rp2_common/hardware_i2c/i2c.c.obj
                0x10004340                i2c_init
 .text.strlen   0x10004398       0x5c c:/vsarm/armcc/102021~1.10/bin/../lib/gcc/arm-none-eabi/10.3.1/../../../../arm-none-eabi/lib/thumb/v6-m/nofp\libg.a(lib_a-strlen-stub.o)
                0x10004398                strlen
 *(.fini)
 .fini          0x100043f4        0x4 c:/vsarm/armcc/102021~1.10/bin/../lib/gcc/arm-none-eabi/10.3.1/thumb/v6-m/nofp/crti.o
                0x100043f4                _fini
 .fini.__stub   0x100043f8       0x40 linker stubs
 *crtbegin.o(.ctors)
 *crtbegin?.o(.ctors)
 *(EXCLUDE_FILE(*crtend.o *crtend?.o) .ctors)
 *(SORT_BY_NAME(.ctors.*))
 *(.ctors)
 *crtbegin.o(.dtors)
 *crtbegin?.o(.dtors)
 *(EXCLUDE_FILE(*crtend.o *crtend?.o) .dtors)
 *(SORT_BY_NAME(.dtors.*))
 *(.dtors)
 *(.eh_frame*)
 .eh_frame      0x10004438        0x0 c:/vsarm/armcc/102021~1.10/bin/../lib/gcc/arm-none-eabi/10.3.1/thumb/v6-m/nofp/crtbegin.o
                0x10004438                . = ALIGN (0x4)

.glue_7         0x10004438        0x0
 .glue_7        0x10004438        0x0 linker stubs

.glue_7t        0x10004438        0x0
 .glue_7t       0x10004438        0x0 linker stubs

.vfp11_veneer   0x10004438        0x0
 .vfp11_veneer  0x10004438        0x0 linker stubs

.v4_bx          0x10004438        0x0
 .v4_bx         0x10004438        0x0 linker stubs

.iplt           0x10004438        0x0
 .iplt          0x10004438        0x0 c:/vsarm/armcc/102021~1.10/bin/../lib/gcc/arm-none-eabi/10.3.1/thumb/v6-m/nofp/crtbegin.o

.rodata         0x10004438      0xfb8
 *(EXCLUDE_FILE(*libm.a: *libc.a:*lib_a-mem*.o *libgcc.a:) .rodata*)
 .rodata.make_branch.str1.4
                0x10004438       0x74 CMakeFiles/ad5694r.dir/D_/LBNP_programming/Pico/pico-sdk/src/rp2_common/hardware_irq/irq.c.obj
 .rodata.insert_branch_and_link.str1.4
                0x100044ac       0x10 CMakeFiles/ad5694r.dir/D_/LBNP_programming/Pico/pico-sdk/src/rp2_common/hardware_irq/irq.c.obj
 .rodata.irq_set_exclusive_handler.str1.4
                0x100044bc       0x36 CMakeFiles/ad5694r.dir/D_/LBNP_programming/Pico/pico-sdk/src/rp2_common/hardware_irq/irq.c.obj
 *fill*         0x100044f2        0x2 
 .rodata.irq_add_shared_handler.str1.4
                0x100044f4       0xd9 CMakeFiles/ad5694r.dir/D_/LBNP_programming/Pico/pico-sdk/src/rp2_common/hardware_irq/irq.c.obj
 *fill*         0x100045cd        0x3 
 .rodata.irq_remove_handler.str1.4
                0x100045d0       0x3a CMakeFiles/ad5694r.dir/D_/LBNP_programming/Pico/pico-sdk/src/rp2_common/hardware_irq/irq.c.obj
 *fill*         0x1000460a        0x2 
 .rodata.irq_add_tail_to_free_list.str1.4
                0x1000460c       0x3a CMakeFiles/ad5694r.dir/D_/LBNP_programming/Pico/pico-sdk/src/rp2_common/hardware_irq/irq.c.obj
 *fill*         0x10004646        0x2 
 .rodata.__func__.0
                0x10004648       0x1a CMakeFiles/ad5694r.dir/D_/LBNP_programming/Pico/pico-sdk/src/rp2_common/hardware_irq/irq.c.obj
 *fill*         0x10004662        0x2 
 .rodata.__func__.1
                0x10004664       0x17 CMakeFiles/ad5694r.dir/D_/LBNP_programming/Pico/pico-sdk/src/rp2_common/hardware_irq/irq.c.obj
 *fill*         0x1000467b        0x1 
 .rodata.__func__.2
                0x1000467c       0x13 CMakeFiles/ad5694r.dir/D_/LBNP_programming/Pico/pico-sdk/src/rp2_common/hardware_irq/irq.c.obj
 *fill*         0x1000468f        0x1 
 .rodata.__func__.3
                0x10004690        0xc CMakeFiles/ad5694r.dir/D_/LBNP_programming/Pico/pico-sdk/src/rp2_common/hardware_irq/irq.c.obj
 .rodata.__func__.4
                0x1000469c        0xf CMakeFiles/ad5694r.dir/D_/LBNP_programming/Pico/pico-sdk/src/rp2_common/hardware_irq/irq.c.obj
 *fill*         0x100046ab        0x1 
 .rodata.__func__.6
                0x100046ac       0x1a CMakeFiles/ad5694r.dir/D_/LBNP_programming/Pico/pico-sdk/src/rp2_common/hardware_irq/irq.c.obj
 *fill*         0x100046c6        0x2 
 .rodata.str1.4
                0x100046c8       0xf9 CMakeFiles/ad5694r.dir/D_/LBNP_programming/Pico/pico-sdk/src/common/pico_sync/mutex.c.obj
 *fill*         0x100047c1        0x3 
 .rodata.__func__.1
                0x100047c4        0xb CMakeFiles/ad5694r.dir/D_/LBNP_programming/Pico/pico-sdk/src/common/pico_sync/mutex.c.obj
 *fill*         0x100047cf        0x1 
 .rodata.__func__.3
                0x100047d0       0x18 CMakeFiles/ad5694r.dir/D_/LBNP_programming/Pico/pico-sdk/src/common/pico_sync/mutex.c.obj
 .rodata.repeating_timer_callback.str1.4
                0x100047e8       0x52 CMakeFiles/ad5694r.dir/D_/LBNP_programming/Pico/pico-sdk/src/common/pico_time/time.c.obj
 *fill*         0x1000483a        0x2 
 .rodata.timer_pool_entry_comparator.str1.4
                0x1000483c       0x22 CMakeFiles/ad5694r.dir/D_/LBNP_programming/Pico/pico-sdk/src/common/pico_time/time.c.obj
 *fill*         0x1000485e        0x2 
 .rodata.ph_add_child_node.str1.4
                0x10004860       0x9e CMakeFiles/ad5694r.dir/D_/LBNP_programming/Pico/pico-sdk/src/common/pico_time/time.c.obj
 *fill*         0x100048fe        0x2 
 .rodata.add_alarm_under_lock.str1.4
                0x10004900       0x28 CMakeFiles/ad5694r.dir/D_/LBNP_programming/Pico/pico-sdk/src/common/pico_time/time.c.obj
                                 0x2b (size before relaxing)
 .rodata.alarm_pool_alarm_callback.str1.4
                0x10004928       0x98 CMakeFiles/ad5694r.dir/D_/LBNP_programming/Pico/pico-sdk/src/common/pico_time/time.c.obj
                                0x100 (size before relaxing)
 .rodata.alarm_pool_get_default.str1.4
                0x100049c0       0x21 CMakeFiles/ad5694r.dir/D_/LBNP_programming/Pico/pico-sdk/src/common/pico_time/time.c.obj
 *fill*         0x100049e1        0x3 
 .rodata.alarm_pool_cancel_alarm.str1.4
                0x100049e4       0x27 CMakeFiles/ad5694r.dir/D_/LBNP_programming/Pico/pico-sdk/src/common/pico_time/time.c.obj
 *fill*         0x10004a0b        0x1 
 .rodata.sleep_until.str1.4
                0x10004a0c       0x4d CMakeFiles/ad5694r.dir/D_/LBNP_programming/Pico/pico-sdk/src/common/pico_time/time.c.obj
 *fill*         0x10004a59        0x3 
 .rodata.__func__.1
                0x10004a5c       0x18 CMakeFiles/ad5694r.dir/D_/LBNP_programming/Pico/pico-sdk/src/common/pico_time/time.c.obj
 .rodata.__func__.10
                0x10004a74       0x15 CMakeFiles/ad5694r.dir/D_/LBNP_programming/Pico/pico-sdk/src/common/pico_time/time.c.obj
 *fill*         0x10004a89        0x3 
 .rodata.__func__.11
                0x10004a8c       0x1a CMakeFiles/ad5694r.dir/D_/LBNP_programming/Pico/pico-sdk/src/common/pico_time/time.c.obj
 *fill*         0x10004aa6        0x2 
 .rodata.__func__.12
                0x10004aa8        0xa CMakeFiles/ad5694r.dir/D_/LBNP_programming/Pico/pico-sdk/src/common/pico_time/time.c.obj
 *fill*         0x10004ab2        0x2 
 .rodata.__func__.3
                0x10004ab4       0x17 CMakeFiles/ad5694r.dir/D_/LBNP_programming/Pico/pico-sdk/src/common/pico_time/time.c.obj
 *fill*         0x10004acb        0x1 
 .rodata.__func__.4
                0x10004acc       0x12 CMakeFiles/ad5694r.dir/D_/LBNP_programming/Pico/pico-sdk/src/common/pico_time/time.c.obj
 *fill*         0x10004ade        0x2 
 .rodata.__func__.5
                0x10004ae0        0xd CMakeFiles/ad5694r.dir/D_/LBNP_programming/Pico/pico-sdk/src/common/pico_time/time.c.obj
 *fill*         0x10004aed        0x3 
 .rodata.__func__.6
                0x10004af0       0x12 CMakeFiles/ad5694r.dir/D_/LBNP_programming/Pico/pico-sdk/src/common/pico_time/time.c.obj
 *fill*         0x10004b02        0x2 
 .rodata.__func__.7
                0x10004b04        0xf CMakeFiles/ad5694r.dir/D_/LBNP_programming/Pico/pico-sdk/src/common/pico_time/time.c.obj
 *fill*         0x10004b13        0x1 
 .rodata.__func__.8
                0x10004b14        0xc CMakeFiles/ad5694r.dir/D_/LBNP_programming/Pico/pico-sdk/src/common/pico_time/time.c.obj
 .rodata.__func__.9
                0x10004b20       0x15 CMakeFiles/ad5694r.dir/D_/LBNP_programming/Pico/pico-sdk/src/common/pico_time/time.c.obj
 *fill*         0x10004b35        0x3 
 .rodata.hardware_alarm_claim.str1.4
                0x10004b38       0x22 CMakeFiles/ad5694r.dir/D_/LBNP_programming/Pico/pico-sdk/src/rp2_common/hardware_timer/timer.c.obj
 *fill*         0x10004b5a        0x2 
 .rodata.hardware_alarm_set_target.str1.4
                0x10004b5c       0x6c CMakeFiles/ad5694r.dir/D_/LBNP_programming/Pico/pico-sdk/src/rp2_common/hardware_timer/timer.c.obj
 .rodata.__func__.0
                0x10004bc8       0x1a CMakeFiles/ad5694r.dir/D_/LBNP_programming/Pico/pico-sdk/src/rp2_common/hardware_timer/timer.c.obj
 .rodata.ph_add_child_node.str1.4
                0x10004be2       0x9e CMakeFiles/ad5694r.dir/D_/LBNP_programming/Pico/pico-sdk/src/common/pico_util/pheap.c.obj
 *fill*         0x10004be2        0x2 
 .rodata.ph_remove_any_head.str1.4
                0x10004be4       0x94 CMakeFiles/ad5694r.dir/D_/LBNP_programming/Pico/pico-sdk/src/common/pico_util/pheap.c.obj
                                 0xa8 (size before relaxing)
 .rodata.ph_remove_and_free_node.str1.4
                0x10004c78       0x1e CMakeFiles/ad5694r.dir/D_/LBNP_programming/Pico/pico-sdk/src/common/pico_util/pheap.c.obj
                                 0x26 (size before relaxing)
 *fill*         0x10004c96        0x2 
 .rodata.__func__.0
                0x10004c98       0x18 CMakeFiles/ad5694r.dir/D_/LBNP_programming/Pico/pico-sdk/src/common/pico_util/pheap.c.obj
 .rodata.__func__.1
                0x10004cb0       0x13 CMakeFiles/ad5694r.dir/D_/LBNP_programming/Pico/pico-sdk/src/common/pico_util/pheap.c.obj
 *fill*         0x10004cc3        0x1 
 .rodata.__func__.2
                0x10004cc4       0x12 CMakeFiles/ad5694r.dir/D_/LBNP_programming/Pico/pico-sdk/src/common/pico_util/pheap.c.obj
 *fill*         0x10004cd6        0x2 
 .rodata.__func__.3
                0x10004cd8        0xc CMakeFiles/ad5694r.dir/D_/LBNP_programming/Pico/pico-sdk/src/common/pico_util/pheap.c.obj
 .rodata.clock_configure.str1.4
                0x10004ce4       0x5e CMakeFiles/ad5694r.dir/D_/LBNP_programming/Pico/pico-sdk/src/rp2_common/hardware_clocks/clocks.c.obj
 *fill*         0x10004d42        0x2 
 .rodata.__func__.1
                0x10004d44       0x10 CMakeFiles/ad5694r.dir/D_/LBNP_programming/Pico/pico-sdk/src/rp2_common/hardware_clocks/clocks.c.obj
 .rodata.pll_init.str1.4
                0x10004d54      0x127 CMakeFiles/ad5694r.dir/D_/LBNP_programming/Pico/pico-sdk/src/rp2_common/hardware_pll/pll.c.obj
 *fill*         0x10004e7b        0x1 
 .rodata.__func__.0
                0x10004e7c        0x9 CMakeFiles/ad5694r.dir/D_/LBNP_programming/Pico/pico-sdk/src/rp2_common/hardware_pll/pll.c.obj
 *fill*         0x10004e85        0x3 
 .rodata.__assert_func.str1.4
                0x10004e88       0x3f CMakeFiles/ad5694r.dir/D_/LBNP_programming/Pico/pico-sdk/src/rp2_common/pico_runtime/runtime.c.obj
                                 0x43 (size before relaxing)
 *fill*         0x10004ec7        0x1 
 .rodata.runtime_init.str1.4
                0x10004ec8       0x68 CMakeFiles/ad5694r.dir/D_/LBNP_programming/Pico/pico-sdk/src/rp2_common/pico_runtime/runtime.c.obj
 .rodata.panic.str1.4
                0x10004f30       0x12 CMakeFiles/ad5694r.dir/D_/LBNP_programming/Pico/pico-sdk/src/rp2_common/pico_runtime/runtime.c.obj
 *fill*         0x10004f42        0x2 
 .rodata.__func__.2
                0x10004f44        0xd CMakeFiles/ad5694r.dir/D_/LBNP_programming/Pico/pico-sdk/src/rp2_common/pico_runtime/runtime.c.obj
 *fill*         0x10004f51        0x3 
 .rodata._ftoa.str1.4
                0x10004f54       0x15 CMakeFiles/ad5694r.dir/D_/LBNP_programming/Pico/pico-sdk/src/rp2_common/pico_printf/printf.c.obj
 *fill*         0x10004f69        0x3 
 .rodata._vsnprintf
                0x10004f6c      0x1e0 CMakeFiles/ad5694r.dir/D_/LBNP_programming/Pico/pico-sdk/src/rp2_common/pico_printf/printf.c.obj
 *fill*         0x1000514c        0x4 
 .rodata.pow10.0
                0x10005150       0x50 CMakeFiles/ad5694r.dir/D_/LBNP_programming/Pico/pico-sdk/src/rp2_common/pico_printf/printf.c.obj
 .rodata.__aeabi_double_init.str1.4
                0x100051a0       0xaf CMakeFiles/ad5694r.dir/D_/LBNP_programming/Pico/pico-sdk/src/rp2_common/pico_double/double_init_rom.c.obj
 *fill*         0x1000524f        0x1 
 .rodata.__func__.0
                0x10005250       0x14 CMakeFiles/ad5694r.dir/D_/LBNP_programming/Pico/pico-sdk/src/rp2_common/pico_double/double_init_rom.c.obj
 .rodata.__aeabi_float_init.str1.4
                0x10005264       0x81 CMakeFiles/ad5694r.dir/D_/LBNP_programming/Pico/pico-sdk/src/rp2_common/pico_float/float_init_rom.c.obj
                                 0x85 (size before relaxing)
 *fill*         0x100052e5        0x3 
 .rodata.__func__.0
                0x100052e8       0x13 CMakeFiles/ad5694r.dir/D_/LBNP_programming/Pico/pico-sdk/src/rp2_common/pico_float/float_init_rom.c.obj
 *fill*         0x100052fb        0x1 
 .rodata.str1.4
                0x100052fc       0x3c CMakeFiles/ad5694r.dir/D_/LBNP_programming/Pico/pico-sdk/src/rp2_common/pico_standard_link/binary_info.c.obj
 .rodata.__bi_44
                0x10005338        0xc CMakeFiles/ad5694r.dir/D_/LBNP_programming/Pico/pico-sdk/src/rp2_common/pico_standard_link/binary_info.c.obj
 .rodata.__bi_75
                0x10005344        0xc CMakeFiles/ad5694r.dir/D_/LBNP_programming/Pico/pico-sdk/src/rp2_common/pico_standard_link/binary_info.c.obj
 .rodata.__bi_81
                0x10005350        0xc CMakeFiles/ad5694r.dir/D_/LBNP_programming/Pico/pico-sdk/src/rp2_common/pico_standard_link/binary_info.c.obj
 .rodata.stdout_serialize_begin.str1.4
                0x1000535c       0x68 CMakeFiles/ad5694r.dir/D_/LBNP_programming/Pico/pico-sdk/src/rp2_common/pico_stdio/stdio.c.obj
 .rodata.__func__.3
                0x1000535c       0x15 CMakeFiles/ad5694r.dir/D_/LBNP_programming/Pico/pico-sdk/src/rp2_common/pico_stdio/stdio.c.obj
 *fill*         0x10005371        0x3 
 .rodata.crlf_str.2
                0x10005374        0x2 CMakeFiles/ad5694r.dir/D_/LBNP_programming/Pico/pico-sdk/src/rp2_common/pico_stdio/stdio.c.obj
 *fill*         0x10005376        0x2 
 .rodata.i2c_set_baudrate.str1.4
                0x10005378       0x64 CMakeFiles/ad5694r.dir/D_/LBNP_programming/Pico/pico-sdk/src/rp2_common/hardware_i2c/i2c.c.obj
 .rodata.__func__.0
                0x100053dc       0x11 CMakeFiles/ad5694r.dir/D_/LBNP_programming/Pico/pico-sdk/src/rp2_common/hardware_i2c/i2c.c.obj
                0x100053f0                . = ALIGN (0x4)
 *fill*         0x100053ed        0x3 
 *(SORT_BY_ALIGNMENT(SORT_BY_NAME(.flashdata*)))
                0x100053f0                . = ALIGN (0x4)

.rel.dyn        0x100053f0        0x0
 .rel.iplt      0x100053f0        0x0 c:/vsarm/armcc/102021~1.10/bin/../lib/gcc/arm-none-eabi/10.3.1/thumb/v6-m/nofp/crtbegin.o

.ARM.extab
 *(.ARM.extab* .gnu.linkonce.armextab.*)
                0x100053f0                __exidx_start = .

.ARM.exidx
 *(.ARM.exidx* .gnu.linkonce.armexidx.*)
                0x100053f0                __exidx_end = .
                0x100053f0                . = ALIGN (0x4)
                0x100053f0                __binary_info_start = .

.binary_info    0x100053f0       0x1c
 *(.binary_info.keep.*)
 .binary_info.keep.__bi_ptr22
                0x100053f0        0x4 CMakeFiles/ad5694r.dir/D_/LBNP_programming/Pico/pico-sdk/src/rp2_common/pico_standard_link/binary_info.c.obj
 .binary_info.keep.__bi_ptr30
                0x100053f4        0x4 CMakeFiles/ad5694r.dir/D_/LBNP_programming/Pico/pico-sdk/src/rp2_common/pico_standard_link/binary_info.c.obj
 .binary_info.keep.__bi_ptr38
                0x100053f8        0x4 CMakeFiles/ad5694r.dir/D_/LBNP_programming/Pico/pico-sdk/src/rp2_common/pico_standard_link/binary_info.c.obj
 .binary_info.keep.__bi_ptr44
                0x100053fc        0x4 CMakeFiles/ad5694r.dir/D_/LBNP_programming/Pico/pico-sdk/src/rp2_common/pico_standard_link/binary_info.c.obj
 .binary_info.keep.__bi_ptr50
                0x10005400        0x4 CMakeFiles/ad5694r.dir/D_/LBNP_programming/Pico/pico-sdk/src/rp2_common/pico_standard_link/binary_info.c.obj
 .binary_info.keep.__bi_ptr75
                0x10005404        0x4 CMakeFiles/ad5694r.dir/D_/LBNP_programming/Pico/pico-sdk/src/rp2_common/pico_standard_link/binary_info.c.obj
 .binary_info.keep.__bi_ptr81
                0x10005408        0x4 CMakeFiles/ad5694r.dir/D_/LBNP_programming/Pico/pico-sdk/src/rp2_common/pico_standard_link/binary_info.c.obj
 *(.binary_info.*)
                0x1000540c                __binary_info_end = .
                0x1000540c                . = ALIGN (0x4)
                0x1000540c                __etext = .

.ram_vector_table
                0x20000000       0xc0
 *(.ram_vector_table)
 .ram_vector_table
                0x20000000       0xc0 CMakeFiles/ad5694r.dir/D_/LBNP_programming/Pico/pico-sdk/src/rp2_common/pico_runtime/runtime.c.obj
                0x20000000                ram_vector_table

.data           0x200000c0      0x234 load address 0x1000540c
                0x200000c0                __data_start__ = .
 *(vtable)
 *(.time_critical*)
 .time_critical.mutex_try_enter
                0x200000c0       0x46 CMakeFiles/ad5694r.dir/D_/LBNP_programming/Pico/pico-sdk/src/common/pico_sync/mutex.c.obj
                0x200000c0                mutex_try_enter
 *fill*         0x20000106        0x2 
 .time_critical.mutex_enter_block_until
                0x20000108       0x8c CMakeFiles/ad5694r.dir/D_/LBNP_programming/Pico/pico-sdk/src/common/pico_sync/mutex.c.obj
                0x20000108                mutex_enter_block_until
 .time_critical.mutex_try_enter_block_until
                0x20000194       0x34 CMakeFiles/ad5694r.dir/D_/LBNP_programming/Pico/pico-sdk/src/common/pico_sync/mutex.c.obj
                0x20000194                mutex_try_enter_block_until
 .time_critical.mutex_exit
                0x200001c8       0x4c CMakeFiles/ad5694r.dir/D_/LBNP_programming/Pico/pico-sdk/src/common/pico_sync/mutex.c.obj
                0x200001c8                mutex_exit
 *(.text*)
 .text          0x20000214        0x4 c:/vsarm/armcc/102021~1.10/bin/../lib/gcc/arm-none-eabi/10.3.1/thumb/v6-m/nofp\libgcc.a(_dvmd_tls.o)
                0x20000214                __aeabi_idiv0
                0x20000214                __aeabi_ldiv0
 .text.__stub   0x20000218       0x20 linker stubs
                0x20000238                . = ALIGN (0x4)
 *(.rodata*)
                0x20000238                . = ALIGN (0x4)
 *(.data*)
 .data.striped_spin_lock_num
                0x20000238        0x1 CMakeFiles/ad5694r.dir/D_/LBNP_programming/Pico/pico-sdk/src/rp2_common/hardware_sync/sync.c.obj
 *fill*         0x20000239        0x3 
 .data          0x2000023c       0x48 CMakeFiles/ad5694r.dir/D_/LBNP_programming/Pico/pico-sdk/src/rp2_common/hardware_irq/irq_handler_chain.S.obj
                0x2000023c                irq_handler_chain_slots
                0x2000026c                irq_handler_chain_first_slot
                0x20000276                irq_handler_chain_remove_tail
 .data.default_alarm_pool
                0x20000284       0x18 CMakeFiles/ad5694r.dir/D_/LBNP_programming/Pico/pico-sdk/src/common/pico_time/time.c.obj
 .data.default_alarm_pool_heap
                0x2000029c       0x10 CMakeFiles/ad5694r.dir/D_/LBNP_programming/Pico/pico-sdk/src/common/pico_time/time.c.obj
 *fill*         0x200002ac        0x4 
 .data.aeabi_bits_funcs
                0x200002b0       0x10 CMakeFiles/ad5694r.dir/D_/LBNP_programming/Pico/pico-sdk/src/rp2_common/pico_bit_ops/bit_ops_aeabi.S.obj
                0x200002b0                aeabi_bits_funcs
                0x200002c0                aeabi_bits_funcs_end
 .data.aeabi_mem_funcs
                0x200002c0       0x10 CMakeFiles/ad5694r.dir/D_/LBNP_programming/Pico/pico-sdk/src/rp2_common/pico_mem_ops/mem_ops_aeabi.S.obj
                0x200002c0                aeabi_mem_funcs
                0x200002d0                aeabi_mem_funcs_end
 .data.i2c0_inst
                0x200002d0        0x8 CMakeFiles/ad5694r.dir/D_/LBNP_programming/Pico/pico-sdk/src/rp2_common/hardware_i2c/i2c.c.obj
                0x200002d0                i2c0_inst
                0x200002d8                . = ALIGN (0x4)
 *(.after_data.*)
                0x200002d8                . = ALIGN (0x4)
                0x200002d8                PROVIDE (__mutex_array_start = .)
 *(SORT_BY_NAME(.mutex_array.*))
 *(.mutex_array)
 .mutex_array   0x200002d8        0x8 CMakeFiles/ad5694r.dir/D_/LBNP_programming/Pico/pico-sdk/src/rp2_common/pico_stdio/stdio.c.obj
                0x200002e0                PROVIDE (__mutex_array_end = .)
                0x200002e0                . = ALIGN (0x4)
                0x200002e0                PROVIDE (__preinit_array_start = .)
 *(SORT_BY_NAME(.preinit_array.*))
 .preinit_array.00001
                0x200002e0        0x4 CMakeFiles/ad5694r.dir/D_/LBNP_programming/Pico/pico-sdk/src/rp2_common/pico_mem_ops/mem_ops_aeabi.S.obj
 .preinit_array.00010
                0x200002e4        0x4 CMakeFiles/ad5694r.dir/D_/LBNP_programming/Pico/pico-sdk/src/rp2_common/pico_bit_ops/bit_ops_aeabi.S.obj
 .preinit_array.00020
                0x200002e8        0x4 CMakeFiles/ad5694r.dir/D_/LBNP_programming/Pico/pico-sdk/src/rp2_common/pico_double/double_aeabi.S.obj
 .preinit_array.00020
                0x200002ec        0x4 CMakeFiles/ad5694r.dir/D_/LBNP_programming/Pico/pico-sdk/src/rp2_common/pico_float/float_aeabi.S.obj
 *(.preinit_array)
                0x200002f0                PROVIDE (__preinit_array_end = .)
                0x200002f0                . = ALIGN (0x4)
                0x200002f0                PROVIDE (__init_array_start = .)
 *(SORT_BY_NAME(.init_array.*))
 *(.init_array)
 .init_array    0x200002f0        0x4 c:/vsarm/armcc/102021~1.10/bin/../lib/gcc/arm-none-eabi/10.3.1/thumb/v6-m/nofp/crtbegin.o
                0x200002f4                PROVIDE (__init_array_end = .)
                0x200002f4                . = ALIGN (0x4)
                [!provide]                PROVIDE (__fini_array_start = .)
 *(SORT_BY_NAME(.fini_array.*))
 *(.fini_array)
                [!provide]                PROVIDE (__fini_array_end = .)
 *(.jcr)
                0x200002f4                . = ALIGN (0x4)
                0x200002f4                __data_end__ = .

.igot.plt       0x200002f4        0x0 load address 0x10005640
 .igot.plt      0x200002f4        0x0 c:/vsarm/armcc/102021~1.10/bin/../lib/gcc/arm-none-eabi/10.3.1/thumb/v6-m/nofp/crtbegin.o

.uninitialized_data
                0x200002f4        0x0 load address 0x10005640
                0x200002f4                . = ALIGN (0x4)
 *(.uninitialized_data*)

.scratch_x      0x20040000        0x0 load address 0x10005640
                0x20040000                __scratch_x_start__ = .
 *(.scratch_x.*)
                0x20040000                . = ALIGN (0x4)
                0x20040000                __scratch_x_end__ = .
                0x10005640                __scratch_x_source__ = LOADADDR (.scratch_x)

.scratch_y      0x20041000        0x0 load address 0x10005640
                0x20041000                __scratch_y_start__ = .
 *(.scratch_y.*)
                0x20041000                . = ALIGN (0x4)
                0x20041000                __scratch_y_end__ = .
                0x10005640                __scratch_y_source__ = LOADADDR (.scratch_y)

.bss            0x200002f8      0x3c8
                0x200002f8                . = ALIGN (0x4)
                0x200002f8                __bss_start__ = .
 *(SORT_BY_ALIGNMENT(SORT_BY_NAME(.bss*)))
 .bss.default_alarm_pool_entries
                0x200002f8      0x100 CMakeFiles/ad5694r.dir/D_/LBNP_programming/Pico/pico-sdk/src/common/pico_time/time.c.obj
 .bss           0x200003f8       0x1c c:/vsarm/armcc/102021~1.10/bin/../lib/gcc/arm-none-eabi/10.3.1/thumb/v6-m/nofp/crtbegin.o
 .bss.alarm_callbacks
                0x20000414       0x10 CMakeFiles/ad5694r.dir/D_/LBNP_programming/Pico/pico-sdk/src/rp2_common/hardware_timer/timer.c.obj
 .bss.configured_freq
                0x20000424       0x28 CMakeFiles/ad5694r.dir/D_/LBNP_programming/Pico/pico-sdk/src/rp2_common/hardware_clocks/clocks.c.obj
 .bss.default_alarm_pool_entry_ids_high
                0x2000044c       0x10 CMakeFiles/ad5694r.dir/D_/LBNP_programming/Pico/pico-sdk/src/common/pico_time/time.c.obj
 .bss.default_alarm_pool_heap_nodes
                0x2000045c       0x30 CMakeFiles/ad5694r.dir/D_/LBNP_programming/Pico/pico-sdk/src/common/pico_time/time.c.obj
 .bss.drivers   0x2000048c        0x4 CMakeFiles/ad5694r.dir/D_/LBNP_programming/Pico/pico-sdk/src/rp2_common/pico_stdio/stdio.c.obj
 .bss.filter    0x20000490        0x4 CMakeFiles/ad5694r.dir/D_/LBNP_programming/Pico/pico-sdk/src/rp2_common/pico_stdio/stdio.c.obj
 .bss.pools     0x20000494       0x10 CMakeFiles/ad5694r.dir/D_/LBNP_programming/Pico/pico-sdk/src/common/pico_time/time.c.obj
 .bss.sd_table  0x200004a4      0x100 CMakeFiles/ad5694r.dir/D_/LBNP_programming/Pico/pico-sdk/src/rp2_common/pico_double/double_init_rom.c.obj
                0x200004a4                sd_table
 .bss.sf_clz_func
                0x200005a4        0x4 CMakeFiles/ad5694r.dir/D_/LBNP_programming/Pico/pico-sdk/src/rp2_common/pico_double/double_init_rom.c.obj
                0x200005a4                sf_clz_func
 .bss.sf_table  0x200005a8      0x100 CMakeFiles/ad5694r.dir/D_/LBNP_programming/Pico/pico-sdk/src/rp2_common/pico_float/float_init_rom.c.obj
                0x200005a8                sf_table
 .bss.sleep_notifier
                0x200006a8        0x4 CMakeFiles/ad5694r.dir/D_/LBNP_programming/Pico/pico-sdk/src/common/pico_time/time.c.obj
 .bss.target_hi
                0x200006ac       0x10 CMakeFiles/ad5694r.dir/D_/LBNP_programming/Pico/pico-sdk/src/rp2_common/hardware_timer/timer.c.obj
 .bss.claimed   0x200006bc        0x1 CMakeFiles/ad5694r.dir/D_/LBNP_programming/Pico/pico-sdk/src/rp2_common/hardware_timer/timer.c.obj
 .bss.irq_hander_chain_free_slot_head
                0x200006bd        0x1 CMakeFiles/ad5694r.dir/D_/LBNP_programming/Pico/pico-sdk/src/rp2_common/hardware_irq/irq.c.obj
 .bss.timer_callbacks_pending
                0x200006be        0x1 CMakeFiles/ad5694r.dir/D_/LBNP_programming/Pico/pico-sdk/src/rp2_common/hardware_timer/timer.c.obj
 *(COMMON)
                0x200006c0                . = ALIGN (0x4)
 *fill*         0x200006bf        0x1 
                0x200006c0                __bss_end__ = .

.heap           0x200006c0      0x800
                0x200006c0                __end__ = .
                0x200006c0                end = __end__
 *(.heap*)
 .heap          0x200006c0      0x800 CMakeFiles/ad5694r.dir/D_/LBNP_programming/Pico/pico-sdk/src/rp2_common/pico_standard_link/crt0.S.obj
                0x20000ec0                __HeapLimit = .

.stack1_dummy   0x20040000        0x0
 *(.stack1*)

.stack_dummy    0x20041000      0x800
 *(.stack*)
 .stack         0x20041000      0x800 CMakeFiles/ad5694r.dir/D_/LBNP_programming/Pico/pico-sdk/src/rp2_common/pico_standard_link/crt0.S.obj

.flash_end      0x10005640        0x0
                0x10005640                __flash_binary_end = .
                0x20040000                __StackLimit = (ORIGIN (RAM) + LENGTH (RAM))
                0x20041000                __StackOneTop = (ORIGIN (SCRATCH_X) + LENGTH (SCRATCH_X))
                0x20042000                __StackTop = (ORIGIN (SCRATCH_Y) + LENGTH (SCRATCH_Y))
                0x20041000                __StackOneBottom = (__StackOneTop - SIZEOF (.stack1_dummy))
                0x20041800                __StackBottom = (__StackTop - SIZEOF (.stack_dummy))
                0x20042000                PROVIDE (__stack = __StackTop)
                0x00000001                ASSERT ((__StackLimit >= __HeapLimit), region RAM overflowed)
                0x00000001                ASSERT (((__binary_info_header_end - __logical_binary_start) <= 0x100), Binary info must be in first 256 bytes of the binary)
LOAD CMakeFiles/ad5694r.dir/ad5694r.cpp.obj
LOAD CMakeFiles/ad5694r.dir/D_/LBNP_programming/Pico/pico-sdk/src/rp2_common/pico_stdlib/stdlib.c.obj
LOAD CMakeFiles/ad5694r.dir/D_/LBNP_programming/Pico/pico-sdk/src/rp2_common/hardware_gpio/gpio.c.obj
LOAD CMakeFiles/ad5694r.dir/D_/LBNP_programming/Pico/pico-sdk/src/rp2_common/pico_platform/platform.c.obj
LOAD CMakeFiles/ad5694r.dir/D_/LBNP_programming/Pico/pico-sdk/src/rp2_common/hardware_claim/claim.c.obj
LOAD CMakeFiles/ad5694r.dir/D_/LBNP_programming/Pico/pico-sdk/src/rp2_common/hardware_sync/sync.c.obj
LOAD CMakeFiles/ad5694r.dir/D_/LBNP_programming/Pico/pico-sdk/src/rp2_common/hardware_irq/irq.c.obj
LOAD CMakeFiles/ad5694r.dir/D_/LBNP_programming/Pico/pico-sdk/src/rp2_common/hardware_irq/irq_handler_chain.S.obj
LOAD CMakeFiles/ad5694r.dir/D_/LBNP_programming/Pico/pico-sdk/src/common/pico_sync/sem.c.obj
LOAD CMakeFiles/ad5694r.dir/D_/LBNP_programming/Pico/pico-sdk/src/common/pico_sync/lock_core.c.obj
LOAD CMakeFiles/ad5694r.dir/D_/LBNP_programming/Pico/pico-sdk/src/common/pico_sync/mutex.c.obj
LOAD CMakeFiles/ad5694r.dir/D_/LBNP_programming/Pico/pico-sdk/src/common/pico_sync/critical_section.c.obj
LOAD CMakeFiles/ad5694r.dir/D_/LBNP_programming/Pico/pico-sdk/src/common/pico_time/time.c.obj
LOAD CMakeFiles/ad5694r.dir/D_/LBNP_programming/Pico/pico-sdk/src/common/pico_time/timeout_helper.c.obj
LOAD CMakeFiles/ad5694r.dir/D_/LBNP_programming/Pico/pico-sdk/src/rp2_common/hardware_timer/timer.c.obj
LOAD CMakeFiles/ad5694r.dir/D_/LBNP_programming/Pico/pico-sdk/src/common/pico_util/datetime.c.obj
LOAD CMakeFiles/ad5694r.dir/D_/LBNP_programming/Pico/pico-sdk/src/common/pico_util/pheap.c.obj
LOAD CMakeFiles/ad5694r.dir/D_/LBNP_programming/Pico/pico-sdk/src/common/pico_util/queue.c.obj
LOAD CMakeFiles/ad5694r.dir/D_/LBNP_programming/Pico/pico-sdk/src/rp2_common/hardware_uart/uart.c.obj
LOAD CMakeFiles/ad5694r.dir/D_/LBNP_programming/Pico/pico-sdk/src/rp2_common/hardware_clocks/clocks.c.obj
LOAD CMakeFiles/ad5694r.dir/D_/LBNP_programming/Pico/pico-sdk/src/rp2_common/hardware_pll/pll.c.obj
LOAD CMakeFiles/ad5694r.dir/D_/LBNP_programming/Pico/pico-sdk/src/rp2_common/hardware_vreg/vreg.c.obj
LOAD CMakeFiles/ad5694r.dir/D_/LBNP_programming/Pico/pico-sdk/src/rp2_common/hardware_watchdog/watchdog.c.obj
LOAD CMakeFiles/ad5694r.dir/D_/LBNP_programming/Pico/pico-sdk/src/rp2_common/hardware_xosc/xosc.c.obj
LOAD CMakeFiles/ad5694r.dir/D_/LBNP_programming/Pico/pico-sdk/src/rp2_common/hardware_divider/divider.S.obj
LOAD CMakeFiles/ad5694r.dir/D_/LBNP_programming/Pico/pico-sdk/src/rp2_common/pico_runtime/runtime.c.obj
LOAD CMakeFiles/ad5694r.dir/D_/LBNP_programming/Pico/pico-sdk/src/rp2_common/pico_printf/printf.c.obj
LOAD CMakeFiles/ad5694r.dir/D_/LBNP_programming/Pico/pico-sdk/src/rp2_common/pico_bit_ops/bit_ops_aeabi.S.obj
LOAD CMakeFiles/ad5694r.dir/D_/LBNP_programming/Pico/pico-sdk/src/rp2_common/pico_bootrom/bootrom.c.obj
LOAD CMakeFiles/ad5694r.dir/D_/LBNP_programming/Pico/pico-sdk/src/rp2_common/pico_divider/divider.S.obj
LOAD CMakeFiles/ad5694r.dir/D_/LBNP_programming/Pico/pico-sdk/src/rp2_common/pico_double/double_aeabi.S.obj
LOAD CMakeFiles/ad5694r.dir/D_/LBNP_programming/Pico/pico-sdk/src/rp2_common/pico_double/double_init_rom.c.obj
LOAD CMakeFiles/ad5694r.dir/D_/LBNP_programming/Pico/pico-sdk/src/rp2_common/pico_double/double_math.c.obj
LOAD CMakeFiles/ad5694r.dir/D_/LBNP_programming/Pico/pico-sdk/src/rp2_common/pico_double/double_v1_rom_shim.S.obj
LOAD CMakeFiles/ad5694r.dir/D_/LBNP_programming/Pico/pico-sdk/src/rp2_common/pico_int64_ops/pico_int64_ops_aeabi.S.obj
LOAD CMakeFiles/ad5694r.dir/D_/LBNP_programming/Pico/pico-sdk/src/rp2_common/pico_float/float_aeabi.S.obj
LOAD CMakeFiles/ad5694r.dir/D_/LBNP_programming/Pico/pico-sdk/src/rp2_common/pico_float/float_init_rom.c.obj
LOAD CMakeFiles/ad5694r.dir/D_/LBNP_programming/Pico/pico-sdk/src/rp2_common/pico_float/float_math.c.obj
LOAD CMakeFiles/ad5694r.dir/D_/LBNP_programming/Pico/pico-sdk/src/rp2_common/pico_float/float_v1_rom_shim.S.obj
LOAD CMakeFiles/ad5694r.dir/D_/LBNP_programming/Pico/pico-sdk/src/rp2_common/pico_malloc/pico_malloc.c.obj
LOAD CMakeFiles/ad5694r.dir/D_/LBNP_programming/Pico/pico-sdk/src/rp2_common/pico_mem_ops/mem_ops_aeabi.S.obj
LOAD CMakeFiles/ad5694r.dir/D_/LBNP_programming/Pico/pico-sdk/src/rp2_common/pico_standard_link/crt0.S.obj
LOAD CMakeFiles/ad5694r.dir/D_/LBNP_programming/Pico/pico-sdk/src/rp2_common/pico_standard_link/new_delete.cpp.obj
LOAD CMakeFiles/ad5694r.dir/D_/LBNP_programming/Pico/pico-sdk/src/rp2_common/pico_standard_link/binary_info.c.obj
LOAD CMakeFiles/ad5694r.dir/D_/LBNP_programming/Pico/pico-sdk/src/rp2_common/pico_stdio/stdio.c.obj
LOAD CMakeFiles/ad5694r.dir/D_/LBNP_programming/Pico/pico-sdk/src/rp2_common/pico_stdio_uart/stdio_uart.c.obj
LOAD CMakeFiles/ad5694r.dir/D_/LBNP_programming/Pico/pico-sdk/src/rp2_common/hardware_i2c/i2c.c.obj
LOAD CMakeFiles/ad5694r.dir/D_/LBNP_programming/Pico/pico-sdk/src/rp2_common/hardware_spi/spi.c.obj
LOAD C:\Users\nasim\AppData\Local\Temp\ccUcMXtg.o
LOAD c:/vsarm/armcc/102021~1.10/bin/../lib/gcc/arm-none-eabi/10.3.1/../../../../arm-none-eabi/lib/thumb/v6-m/nofp\libstdc++.a
LOAD c:/vsarm/armcc/102021~1.10/bin/../lib/gcc/arm-none-eabi/10.3.1/../../../../arm-none-eabi/lib/thumb/v6-m/nofp\libm.a
START GROUP
LOAD c:/vsarm/armcc/102021~1.10/bin/../lib/gcc/arm-none-eabi/10.3.1/thumb/v6-m/nofp\libgcc.a
LOAD c:/vsarm/armcc/102021~1.10/bin/../lib/gcc/arm-none-eabi/10.3.1/../../../../arm-none-eabi/lib/thumb/v6-m/nofp\libg.a
LOAD c:/vsarm/armcc/102021~1.10/bin/../lib/gcc/arm-none-eabi/10.3.1/../../../../arm-none-eabi/lib/thumb/v6-m/nofp\libc.a
END GROUP
START GROUP
LOAD c:/vsarm/armcc/102021~1.10/bin/../lib/gcc/arm-none-eabi/10.3.1/thumb/v6-m/nofp\libgcc.a
LOAD c:/vsarm/armcc/102021~1.10/bin/../lib/gcc/arm-none-eabi/10.3.1/../../../../arm-none-eabi/lib/thumb/v6-m/nofp\libc.a
LOAD c:/vsarm/armcc/102021~1.10/bin/../lib/gcc/arm-none-eabi/10.3.1/../../../../arm-none-eabi/lib/thumb/v6-m/nofp\libnosys.a
END GROUP
LOAD c:/vsarm/armcc/102021~1.10/bin/../lib/gcc/arm-none-eabi/10.3.1/thumb/v6-m/nofp/crtend.o
LOAD c:/vsarm/armcc/102021~1.10/bin/../lib/gcc/arm-none-eabi/10.3.1/thumb/v6-m/nofp/crtn.o
OUTPUT(ad5694r.elf elf32-littlearm)
LOAD linker stubs

.ARM.attributes
                0x00000000       0x28
 .ARM.attributes
                0x00000000       0x1e c:/vsarm/armcc/102021~1.10/bin/../lib/gcc/arm-none-eabi/10.3.1/thumb/v6-m/nofp/crti.o
 .ARM.attributes
                0x0000001e       0x2c c:/vsarm/armcc/102021~1.10/bin/../lib/gcc/arm-none-eabi/10.3.1/thumb/v6-m/nofp/crtbegin.o
 .ARM.attributes
                0x0000004a       0x2c CMakeFiles/ad5694r.dir/ad5694r.cpp.obj
 .ARM.attributes
                0x00000076       0x2c CMakeFiles/ad5694r.dir/D_/LBNP_programming/Pico/pico-sdk/src/rp2_common/hardware_gpio/gpio.c.obj
 .ARM.attributes
                0x000000a2       0x2c CMakeFiles/ad5694r.dir/D_/LBNP_programming/Pico/pico-sdk/src/rp2_common/pico_platform/platform.c.obj
 .ARM.attributes
                0x000000ce       0x2c CMakeFiles/ad5694r.dir/D_/LBNP_programming/Pico/pico-sdk/src/rp2_common/hardware_claim/claim.c.obj
 .ARM.attributes
                0x000000fa       0x2c CMakeFiles/ad5694r.dir/D_/LBNP_programming/Pico/pico-sdk/src/rp2_common/hardware_sync/sync.c.obj
 .ARM.attributes
                0x00000126       0x2c CMakeFiles/ad5694r.dir/D_/LBNP_programming/Pico/pico-sdk/src/rp2_common/hardware_irq/irq.c.obj
 .ARM.attributes
                0x00000152       0x22 CMakeFiles/ad5694r.dir/D_/LBNP_programming/Pico/pico-sdk/src/rp2_common/hardware_irq/irq_handler_chain.S.obj
 .ARM.attributes
                0x00000174       0x2c CMakeFiles/ad5694r.dir/D_/LBNP_programming/Pico/pico-sdk/src/common/pico_sync/lock_core.c.obj
 .ARM.attributes
                0x000001a0       0x2c CMakeFiles/ad5694r.dir/D_/LBNP_programming/Pico/pico-sdk/src/common/pico_sync/mutex.c.obj
 .ARM.attributes
                0x000001cc       0x2c CMakeFiles/ad5694r.dir/D_/LBNP_programming/Pico/pico-sdk/src/common/pico_time/time.c.obj
 .ARM.attributes
                0x000001f8       0x2c CMakeFiles/ad5694r.dir/D_/LBNP_programming/Pico/pico-sdk/src/rp2_common/hardware_timer/timer.c.obj
 .ARM.attributes
                0x00000224       0x2c CMakeFiles/ad5694r.dir/D_/LBNP_programming/Pico/pico-sdk/src/common/pico_util/pheap.c.obj
 .ARM.attributes
                0x00000250       0x2c CMakeFiles/ad5694r.dir/D_/LBNP_programming/Pico/pico-sdk/src/rp2_common/hardware_clocks/clocks.c.obj
 .ARM.attributes
                0x0000027c       0x2c CMakeFiles/ad5694r.dir/D_/LBNP_programming/Pico/pico-sdk/src/rp2_common/hardware_pll/pll.c.obj
 .ARM.attributes
                0x000002a8       0x2c CMakeFiles/ad5694r.dir/D_/LBNP_programming/Pico/pico-sdk/src/rp2_common/hardware_watchdog/watchdog.c.obj
 .ARM.attributes
                0x000002d4       0x2c CMakeFiles/ad5694r.dir/D_/LBNP_programming/Pico/pico-sdk/src/rp2_common/hardware_xosc/xosc.c.obj
 .ARM.attributes
                0x00000300       0x2c CMakeFiles/ad5694r.dir/D_/LBNP_programming/Pico/pico-sdk/src/rp2_common/pico_runtime/runtime.c.obj
 .ARM.attributes
                0x0000032c       0x2c CMakeFiles/ad5694r.dir/D_/LBNP_programming/Pico/pico-sdk/src/rp2_common/pico_printf/printf.c.obj
 .ARM.attributes
                0x00000358       0x22 CMakeFiles/ad5694r.dir/D_/LBNP_programming/Pico/pico-sdk/src/rp2_common/pico_bit_ops/bit_ops_aeabi.S.obj
 .ARM.attributes
                0x0000037a       0x2c CMakeFiles/ad5694r.dir/D_/LBNP_programming/Pico/pico-sdk/src/rp2_common/pico_bootrom/bootrom.c.obj
 .ARM.attributes
                0x000003a6       0x22 CMakeFiles/ad5694r.dir/D_/LBNP_programming/Pico/pico-sdk/src/rp2_common/pico_divider/divider.S.obj
 .ARM.attributes
                0x000003c8       0x22 CMakeFiles/ad5694r.dir/D_/LBNP_programming/Pico/pico-sdk/src/rp2_common/pico_double/double_aeabi.S.obj
 .ARM.attributes
                0x000003ea       0x2c CMakeFiles/ad5694r.dir/D_/LBNP_programming/Pico/pico-sdk/src/rp2_common/pico_double/double_init_rom.c.obj
 .ARM.attributes
                0x00000416       0x22 CMakeFiles/ad5694r.dir/D_/LBNP_programming/Pico/pico-sdk/src/rp2_common/pico_double/double_v1_rom_shim.S.obj
 .ARM.attributes
                0x00000438       0x22 CMakeFiles/ad5694r.dir/D_/LBNP_programming/Pico/pico-sdk/src/rp2_common/pico_int64_ops/pico_int64_ops_aeabi.S.obj
 .ARM.attributes
                0x0000045a       0x22 CMakeFiles/ad5694r.dir/D_/LBNP_programming/Pico/pico-sdk/src/rp2_common/pico_float/float_aeabi.S.obj
 .ARM.attributes
                0x0000047c       0x2c CMakeFiles/ad5694r.dir/D_/LBNP_programming/Pico/pico-sdk/src/rp2_common/pico_float/float_init_rom.c.obj
 .ARM.attributes
                0x000004a8       0x22 CMakeFiles/ad5694r.dir/D_/LBNP_programming/Pico/pico-sdk/src/rp2_common/pico_float/float_v1_rom_shim.S.obj
 .ARM.attributes
                0x000004ca       0x22 CMakeFiles/ad5694r.dir/D_/LBNP_programming/Pico/pico-sdk/src/rp2_common/pico_mem_ops/mem_ops_aeabi.S.obj
 .ARM.attributes
                0x000004ec       0x22 CMakeFiles/ad5694r.dir/D_/LBNP_programming/Pico/pico-sdk/src/rp2_common/pico_standard_link/crt0.S.obj
 .ARM.attributes
                0x0000050e       0x2c CMakeFiles/ad5694r.dir/D_/LBNP_programming/Pico/pico-sdk/src/rp2_common/pico_standard_link/binary_info.c.obj
 .ARM.attributes
                0x0000053a       0x2c CMakeFiles/ad5694r.dir/D_/LBNP_programming/Pico/pico-sdk/src/rp2_common/pico_stdio/stdio.c.obj
 .ARM.attributes
                0x00000566       0x2c CMakeFiles/ad5694r.dir/D_/LBNP_programming/Pico/pico-sdk/src/rp2_common/hardware_i2c/i2c.c.obj
 .ARM.attributes
                0x00000592       0x22 C:\Users\nasim\AppData\Local\Temp\ccUcMXtg.o
 .ARM.attributes
                0x000005b4       0x1e c:/vsarm/armcc/102021~1.10/bin/../lib/gcc/arm-none-eabi/10.3.1/thumb/v6-m/nofp\libgcc.a(_dvmd_tls.o)
 .ARM.attributes
                0x000005d2       0x2c c:/vsarm/armcc/102021~1.10/bin/../lib/gcc/arm-none-eabi/10.3.1/../../../../arm-none-eabi/lib/thumb/v6-m/nofp\libg.a(lib_a-strlen-stub.o)

.comment        0x00000000       0x49
 .comment       0x00000000       0x49 CMakeFiles/ad5694r.dir/ad5694r.cpp.obj
                                 0x4a (size before relaxing)
 .comment       0x00000049       0x4a CMakeFiles/ad5694r.dir/D_/LBNP_programming/Pico/pico-sdk/src/rp2_common/hardware_gpio/gpio.c.obj
 .comment       0x00000049       0x4a CMakeFiles/ad5694r.dir/D_/LBNP_programming/Pico/pico-sdk/src/rp2_common/pico_platform/platform.c.obj
 .comment       0x00000049       0x4a CMakeFiles/ad5694r.dir/D_/LBNP_programming/Pico/pico-sdk/src/rp2_common/hardware_claim/claim.c.obj
 .comment       0x00000049       0x4a CMakeFiles/ad5694r.dir/D_/LBNP_programming/Pico/pico-sdk/src/rp2_common/hardware_sync/sync.c.obj
 .comment       0x00000049       0x4a CMakeFiles/ad5694r.dir/D_/LBNP_programming/Pico/pico-sdk/src/rp2_common/hardware_irq/irq.c.obj
 .comment       0x00000049       0x4a CMakeFiles/ad5694r.dir/D_/LBNP_programming/Pico/pico-sdk/src/common/pico_sync/lock_core.c.obj
 .comment       0x00000049       0x4a CMakeFiles/ad5694r.dir/D_/LBNP_programming/Pico/pico-sdk/src/common/pico_sync/mutex.c.obj
 .comment       0x00000049       0x4a CMakeFiles/ad5694r.dir/D_/LBNP_programming/Pico/pico-sdk/src/common/pico_time/time.c.obj
 .comment       0x00000049       0x4a CMakeFiles/ad5694r.dir/D_/LBNP_programming/Pico/pico-sdk/src/rp2_common/hardware_timer/timer.c.obj
 .comment       0x00000049       0x4a CMakeFiles/ad5694r.dir/D_/LBNP_programming/Pico/pico-sdk/src/common/pico_util/pheap.c.obj
 .comment       0x00000049       0x4a CMakeFiles/ad5694r.dir/D_/LBNP_programming/Pico/pico-sdk/src/rp2_common/hardware_clocks/clocks.c.obj
 .comment       0x00000049       0x4a CMakeFiles/ad5694r.dir/D_/LBNP_programming/Pico/pico-sdk/src/rp2_common/hardware_pll/pll.c.obj
 .comment       0x00000049       0x4a CMakeFiles/ad5694r.dir/D_/LBNP_programming/Pico/pico-sdk/src/rp2_common/hardware_watchdog/watchdog.c.obj
 .comment       0x00000049       0x4a CMakeFiles/ad5694r.dir/D_/LBNP_programming/Pico/pico-sdk/src/rp2_common/hardware_xosc/xosc.c.obj
 .comment       0x00000049       0x4a CMakeFiles/ad5694r.dir/D_/LBNP_programming/Pico/pico-sdk/src/rp2_common/pico_runtime/runtime.c.obj
 .comment       0x00000049       0x4a CMakeFiles/ad5694r.dir/D_/LBNP_programming/Pico/pico-sdk/src/rp2_common/pico_printf/printf.c.obj
 .comment       0x00000049       0x4a CMakeFiles/ad5694r.dir/D_/LBNP_programming/Pico/pico-sdk/src/rp2_common/pico_bootrom/bootrom.c.obj
 .comment       0x00000049       0x4a CMakeFiles/ad5694r.dir/D_/LBNP_programming/Pico/pico-sdk/src/rp2_common/pico_double/double_init_rom.c.obj
 .comment       0x00000049       0x4a CMakeFiles/ad5694r.dir/D_/LBNP_programming/Pico/pico-sdk/src/rp2_common/pico_float/float_init_rom.c.obj
 .comment       0x00000049       0x4a CMakeFiles/ad5694r.dir/D_/LBNP_programming/Pico/pico-sdk/src/rp2_common/pico_standard_link/binary_info.c.obj
 .comment       0x00000049       0x4a CMakeFiles/ad5694r.dir/D_/LBNP_programming/Pico/pico-sdk/src/rp2_common/pico_stdio/stdio.c.obj
 .comment       0x00000049       0x4a CMakeFiles/ad5694r.dir/D_/LBNP_programming/Pico/pico-sdk/src/rp2_common/hardware_i2c/i2c.c.obj

.debug_info     0x00000000    0x150a1
 .debug_info    0x00000000      0x580 CMakeFiles/ad5694r.dir/ad5694r.cpp.obj
 .debug_info    0x00000580     0x16d8 CMakeFiles/ad5694r.dir/D_/LBNP_programming/Pico/pico-sdk/src/rp2_common/hardware_gpio/gpio.c.obj
 .debug_info    0x00001c58      0x1e3 CMakeFiles/ad5694r.dir/D_/LBNP_programming/Pico/pico-sdk/src/rp2_common/pico_platform/platform.c.obj
 .debug_info    0x00001e3b      0x6bc CMakeFiles/ad5694r.dir/D_/LBNP_programming/Pico/pico-sdk/src/rp2_common/hardware_claim/claim.c.obj
 .debug_info    0x000024f7      0x58e CMakeFiles/ad5694r.dir/D_/LBNP_programming/Pico/pico-sdk/src/rp2_common/hardware_sync/sync.c.obj
 .debug_info    0x00002a85     0x1c9c CMakeFiles/ad5694r.dir/D_/LBNP_programming/Pico/pico-sdk/src/rp2_common/hardware_irq/irq.c.obj
 .debug_info    0x00004721      0x1a4 CMakeFiles/ad5694r.dir/D_/LBNP_programming/Pico/pico-sdk/src/common/pico_sync/lock_core.c.obj
 .debug_info    0x000048c5     0x20d3 CMakeFiles/ad5694r.dir/D_/LBNP_programming/Pico/pico-sdk/src/common/pico_sync/mutex.c.obj
 .debug_info    0x00006998     0x4066 CMakeFiles/ad5694r.dir/D_/LBNP_programming/Pico/pico-sdk/src/common/pico_time/time.c.obj
 .debug_info    0x0000a9fe     0x13ee CMakeFiles/ad5694r.dir/D_/LBNP_programming/Pico/pico-sdk/src/rp2_common/hardware_timer/timer.c.obj
 .debug_info    0x0000bdec     0x123b CMakeFiles/ad5694r.dir/D_/LBNP_programming/Pico/pico-sdk/src/common/pico_util/pheap.c.obj
 .debug_info    0x0000d027      0xf8d CMakeFiles/ad5694r.dir/D_/LBNP_programming/Pico/pico-sdk/src/rp2_common/hardware_clocks/clocks.c.obj
 .debug_info    0x0000dfb4      0x51b CMakeFiles/ad5694r.dir/D_/LBNP_programming/Pico/pico-sdk/src/rp2_common/hardware_pll/pll.c.obj
 .debug_info    0x0000e4cf      0x4ee CMakeFiles/ad5694r.dir/D_/LBNP_programming/Pico/pico-sdk/src/rp2_common/hardware_watchdog/watchdog.c.obj
 .debug_info    0x0000e9bd      0x1d8 CMakeFiles/ad5694r.dir/D_/LBNP_programming/Pico/pico-sdk/src/rp2_common/hardware_xosc/xosc.c.obj
 .debug_info    0x0000eb95     0x1028 CMakeFiles/ad5694r.dir/D_/LBNP_programming/Pico/pico-sdk/src/rp2_common/pico_runtime/runtime.c.obj
 .debug_info    0x0000fbbd     0x1a5f CMakeFiles/ad5694r.dir/D_/LBNP_programming/Pico/pico-sdk/src/rp2_common/pico_printf/printf.c.obj
 .debug_info    0x0001161c       0x22 CMakeFiles/ad5694r.dir/D_/LBNP_programming/Pico/pico-sdk/src/rp2_common/pico_bit_ops/bit_ops_aeabi.S.obj
 .debug_info    0x0001163e      0x27c CMakeFiles/ad5694r.dir/D_/LBNP_programming/Pico/pico-sdk/src/rp2_common/pico_bootrom/bootrom.c.obj
 .debug_info    0x000118ba       0x22 CMakeFiles/ad5694r.dir/D_/LBNP_programming/Pico/pico-sdk/src/rp2_common/pico_divider/divider.S.obj
 .debug_info    0x000118dc       0x22 CMakeFiles/ad5694r.dir/D_/LBNP_programming/Pico/pico-sdk/src/rp2_common/pico_double/double_aeabi.S.obj
 .debug_info    0x000118fe      0x2d1 CMakeFiles/ad5694r.dir/D_/LBNP_programming/Pico/pico-sdk/src/rp2_common/pico_double/double_init_rom.c.obj
 .debug_info    0x00011bcf       0x22 CMakeFiles/ad5694r.dir/D_/LBNP_programming/Pico/pico-sdk/src/rp2_common/pico_double/double_v1_rom_shim.S.obj
 .debug_info    0x00011bf1       0x26 CMakeFiles/ad5694r.dir/D_/LBNP_programming/Pico/pico-sdk/src/rp2_common/pico_int64_ops/pico_int64_ops_aeabi.S.obj
 .debug_info    0x00011c17       0x22 CMakeFiles/ad5694r.dir/D_/LBNP_programming/Pico/pico-sdk/src/rp2_common/pico_float/float_aeabi.S.obj
 .debug_info    0x00011c39      0x2eb CMakeFiles/ad5694r.dir/D_/LBNP_programming/Pico/pico-sdk/src/rp2_common/pico_float/float_init_rom.c.obj
 .debug_info    0x00011f24       0x22 CMakeFiles/ad5694r.dir/D_/LBNP_programming/Pico/pico-sdk/src/rp2_common/pico_float/float_v1_rom_shim.S.obj
 .debug_info    0x00011f46       0x22 CMakeFiles/ad5694r.dir/D_/LBNP_programming/Pico/pico-sdk/src/rp2_common/pico_mem_ops/mem_ops_aeabi.S.obj
 .debug_info    0x00011f68       0x22 CMakeFiles/ad5694r.dir/D_/LBNP_programming/Pico/pico-sdk/src/rp2_common/pico_standard_link/crt0.S.obj
 .debug_info    0x00011f8a      0x2f6 CMakeFiles/ad5694r.dir/D_/LBNP_programming/Pico/pico-sdk/src/rp2_common/pico_standard_link/binary_info.c.obj
 .debug_info    0x00012280     0x1821 CMakeFiles/ad5694r.dir/D_/LBNP_programming/Pico/pico-sdk/src/rp2_common/pico_stdio/stdio.c.obj
 .debug_info    0x00013aa1     0x1600 CMakeFiles/ad5694r.dir/D_/LBNP_programming/Pico/pico-sdk/src/rp2_common/hardware_i2c/i2c.c.obj

.debug_abbrev   0x00000000     0x3f74
 .debug_abbrev  0x00000000      0x1ce CMakeFiles/ad5694r.dir/ad5694r.cpp.obj
 .debug_abbrev  0x000001ce      0x339 CMakeFiles/ad5694r.dir/D_/LBNP_programming/Pico/pico-sdk/src/rp2_common/hardware_gpio/gpio.c.obj
 .debug_abbrev  0x00000507       0xeb CMakeFiles/ad5694r.dir/D_/LBNP_programming/Pico/pico-sdk/src/rp2_common/pico_platform/platform.c.obj
 .debug_abbrev  0x000005f2      0x2e9 CMakeFiles/ad5694r.dir/D_/LBNP_programming/Pico/pico-sdk/src/rp2_common/hardware_claim/claim.c.obj
 .debug_abbrev  0x000008db      0x21b CMakeFiles/ad5694r.dir/D_/LBNP_programming/Pico/pico-sdk/src/rp2_common/hardware_sync/sync.c.obj
 .debug_abbrev  0x00000af6      0x4e7 CMakeFiles/ad5694r.dir/D_/LBNP_programming/Pico/pico-sdk/src/rp2_common/hardware_irq/irq.c.obj
 .debug_abbrev  0x00000fdd      0x116 CMakeFiles/ad5694r.dir/D_/LBNP_programming/Pico/pico-sdk/src/common/pico_sync/lock_core.c.obj
 .debug_abbrev  0x000010f3      0x397 CMakeFiles/ad5694r.dir/D_/LBNP_programming/Pico/pico-sdk/src/common/pico_sync/mutex.c.obj
 .debug_abbrev  0x0000148a      0x571 CMakeFiles/ad5694r.dir/D_/LBNP_programming/Pico/pico-sdk/src/common/pico_time/time.c.obj
 .debug_abbrev  0x000019fb      0x3b8 CMakeFiles/ad5694r.dir/D_/LBNP_programming/Pico/pico-sdk/src/rp2_common/hardware_timer/timer.c.obj
 .debug_abbrev  0x00001db3      0x297 CMakeFiles/ad5694r.dir/D_/LBNP_programming/Pico/pico-sdk/src/common/pico_util/pheap.c.obj
 .debug_abbrev  0x0000204a      0x3a5 CMakeFiles/ad5694r.dir/D_/LBNP_programming/Pico/pico-sdk/src/rp2_common/hardware_clocks/clocks.c.obj
 .debug_abbrev  0x000023ef      0x1ea CMakeFiles/ad5694r.dir/D_/LBNP_programming/Pico/pico-sdk/src/rp2_common/hardware_pll/pll.c.obj
 .debug_abbrev  0x000025d9      0x1a8 CMakeFiles/ad5694r.dir/D_/LBNP_programming/Pico/pico-sdk/src/rp2_common/hardware_watchdog/watchdog.c.obj
 .debug_abbrev  0x00002781      0x109 CMakeFiles/ad5694r.dir/D_/LBNP_programming/Pico/pico-sdk/src/rp2_common/hardware_xosc/xosc.c.obj
 .debug_abbrev  0x0000288a      0x4ba CMakeFiles/ad5694r.dir/D_/LBNP_programming/Pico/pico-sdk/src/rp2_common/pico_runtime/runtime.c.obj
 .debug_abbrev  0x00002d44      0x384 CMakeFiles/ad5694r.dir/D_/LBNP_programming/Pico/pico-sdk/src/rp2_common/pico_printf/printf.c.obj
 .debug_abbrev  0x000030c8       0x12 CMakeFiles/ad5694r.dir/D_/LBNP_programming/Pico/pico-sdk/src/rp2_common/pico_bit_ops/bit_ops_aeabi.S.obj
 .debug_abbrev  0x000030da      0x13b CMakeFiles/ad5694r.dir/D_/LBNP_programming/Pico/pico-sdk/src/rp2_common/pico_bootrom/bootrom.c.obj
 .debug_abbrev  0x00003215       0x12 CMakeFiles/ad5694r.dir/D_/LBNP_programming/Pico/pico-sdk/src/rp2_common/pico_divider/divider.S.obj
 .debug_abbrev  0x00003227       0x12 CMakeFiles/ad5694r.dir/D_/LBNP_programming/Pico/pico-sdk/src/rp2_common/pico_double/double_aeabi.S.obj
 .debug_abbrev  0x00003239      0x179 CMakeFiles/ad5694r.dir/D_/LBNP_programming/Pico/pico-sdk/src/rp2_common/pico_double/double_init_rom.c.obj
 .debug_abbrev  0x000033b2       0x12 CMakeFiles/ad5694r.dir/D_/LBNP_programming/Pico/pico-sdk/src/rp2_common/pico_double/double_v1_rom_shim.S.obj
 .debug_abbrev  0x000033c4       0x14 CMakeFiles/ad5694r.dir/D_/LBNP_programming/Pico/pico-sdk/src/rp2_common/pico_int64_ops/pico_int64_ops_aeabi.S.obj
 .debug_abbrev  0x000033d8       0x12 CMakeFiles/ad5694r.dir/D_/LBNP_programming/Pico/pico-sdk/src/rp2_common/pico_float/float_aeabi.S.obj
 .debug_abbrev  0x000033ea      0x18c CMakeFiles/ad5694r.dir/D_/LBNP_programming/Pico/pico-sdk/src/rp2_common/pico_float/float_init_rom.c.obj
 .debug_abbrev  0x00003576       0x12 CMakeFiles/ad5694r.dir/D_/LBNP_programming/Pico/pico-sdk/src/rp2_common/pico_float/float_v1_rom_shim.S.obj
 .debug_abbrev  0x00003588       0x12 CMakeFiles/ad5694r.dir/D_/LBNP_programming/Pico/pico-sdk/src/rp2_common/pico_mem_ops/mem_ops_aeabi.S.obj
 .debug_abbrev  0x0000359a       0x12 CMakeFiles/ad5694r.dir/D_/LBNP_programming/Pico/pico-sdk/src/rp2_common/pico_standard_link/crt0.S.obj
 .debug_abbrev  0x000035ac       0xad CMakeFiles/ad5694r.dir/D_/LBNP_programming/Pico/pico-sdk/src/rp2_common/pico_standard_link/binary_info.c.obj
 .debug_abbrev  0x00003659      0x4a5 CMakeFiles/ad5694r.dir/D_/LBNP_programming/Pico/pico-sdk/src/rp2_common/pico_stdio/stdio.c.obj
 .debug_abbrev  0x00003afe      0x476 CMakeFiles/ad5694r.dir/D_/LBNP_programming/Pico/pico-sdk/src/rp2_common/hardware_i2c/i2c.c.obj

.debug_loc      0x00000000     0xecf2
 .debug_loc     0x00000000       0x2c CMakeFiles/ad5694r.dir/ad5694r.cpp.obj
 .debug_loc     0x0000002c     0x118d CMakeFiles/ad5694r.dir/D_/LBNP_programming/Pico/pico-sdk/src/rp2_common/hardware_gpio/gpio.c.obj
 .debug_loc     0x000011b9       0xe9 CMakeFiles/ad5694r.dir/D_/LBNP_programming/Pico/pico-sdk/src/rp2_common/pico_platform/platform.c.obj
 .debug_loc     0x000012a2      0x45f CMakeFiles/ad5694r.dir/D_/LBNP_programming/Pico/pico-sdk/src/rp2_common/hardware_claim/claim.c.obj
 .debug_loc     0x00001701      0x233 CMakeFiles/ad5694r.dir/D_/LBNP_programming/Pico/pico-sdk/src/rp2_common/hardware_sync/sync.c.obj
 .debug_loc     0x00001934     0x13f5 CMakeFiles/ad5694r.dir/D_/LBNP_programming/Pico/pico-sdk/src/rp2_common/hardware_irq/irq.c.obj
 .debug_loc     0x00002d29       0x60 CMakeFiles/ad5694r.dir/D_/LBNP_programming/Pico/pico-sdk/src/common/pico_sync/lock_core.c.obj
 .debug_loc     0x00002d89     0x152e CMakeFiles/ad5694r.dir/D_/LBNP_programming/Pico/pico-sdk/src/common/pico_sync/mutex.c.obj
 .debug_loc     0x000042b7     0x31cb CMakeFiles/ad5694r.dir/D_/LBNP_programming/Pico/pico-sdk/src/common/pico_time/time.c.obj
 .debug_loc     0x00007482      0xacb CMakeFiles/ad5694r.dir/D_/LBNP_programming/Pico/pico-sdk/src/rp2_common/hardware_timer/timer.c.obj
 .debug_loc     0x00007f4d     0x1446 CMakeFiles/ad5694r.dir/D_/LBNP_programming/Pico/pico-sdk/src/common/pico_util/pheap.c.obj
 .debug_loc     0x00009393      0x81d CMakeFiles/ad5694r.dir/D_/LBNP_programming/Pico/pico-sdk/src/rp2_common/hardware_clocks/clocks.c.obj
 .debug_loc     0x00009bb0      0x2f3 CMakeFiles/ad5694r.dir/D_/LBNP_programming/Pico/pico-sdk/src/rp2_common/hardware_pll/pll.c.obj
 .debug_loc     0x00009ea3      0x2ec CMakeFiles/ad5694r.dir/D_/LBNP_programming/Pico/pico-sdk/src/rp2_common/hardware_watchdog/watchdog.c.obj
 .debug_loc     0x0000a18f       0x71 CMakeFiles/ad5694r.dir/D_/LBNP_programming/Pico/pico-sdk/src/rp2_common/hardware_xosc/xosc.c.obj
 .debug_loc     0x0000a200      0x674 CMakeFiles/ad5694r.dir/D_/LBNP_programming/Pico/pico-sdk/src/rp2_common/pico_runtime/runtime.c.obj
 .debug_loc     0x0000a874     0x2095 CMakeFiles/ad5694r.dir/D_/LBNP_programming/Pico/pico-sdk/src/rp2_common/pico_printf/printf.c.obj
 .debug_loc     0x0000c909      0x1a1 CMakeFiles/ad5694r.dir/D_/LBNP_programming/Pico/pico-sdk/src/rp2_common/pico_bootrom/bootrom.c.obj
 .debug_loc     0x0000caaa       0x59 CMakeFiles/ad5694r.dir/D_/LBNP_programming/Pico/pico-sdk/src/rp2_common/pico_double/double_init_rom.c.obj
 .debug_loc     0x0000cb03       0x73 CMakeFiles/ad5694r.dir/D_/LBNP_programming/Pico/pico-sdk/src/rp2_common/pico_float/float_init_rom.c.obj
 .debug_loc     0x0000cb76      0xe23 CMakeFiles/ad5694r.dir/D_/LBNP_programming/Pico/pico-sdk/src/rp2_common/pico_stdio/stdio.c.obj
 .debug_loc     0x0000d999     0x1359 CMakeFiles/ad5694r.dir/D_/LBNP_programming/Pico/pico-sdk/src/rp2_common/hardware_i2c/i2c.c.obj

.debug_aranges  0x00000000      0xe30
 .debug_aranges
                0x00000000       0x20 CMakeFiles/ad5694r.dir/ad5694r.cpp.obj
 .debug_aranges
                0x00000020      0x100 CMakeFiles/ad5694r.dir/D_/LBNP_programming/Pico/pico-sdk/src/rp2_common/hardware_gpio/gpio.c.obj
 .debug_aranges
                0x00000120       0x28 CMakeFiles/ad5694r.dir/D_/LBNP_programming/Pico/pico-sdk/src/rp2_common/pico_platform/platform.c.obj
 .debug_aranges
                0x00000148       0x48 CMakeFiles/ad5694r.dir/D_/LBNP_programming/Pico/pico-sdk/src/rp2_common/hardware_claim/claim.c.obj
 .debug_aranges
                0x00000190       0x58 CMakeFiles/ad5694r.dir/D_/LBNP_programming/Pico/pico-sdk/src/rp2_common/hardware_sync/sync.c.obj
 .debug_aranges
                0x000001e8       0xc8 CMakeFiles/ad5694r.dir/D_/LBNP_programming/Pico/pico-sdk/src/rp2_common/hardware_irq/irq.c.obj
 .debug_aranges
                0x000002b0       0x20 CMakeFiles/ad5694r.dir/D_/LBNP_programming/Pico/pico-sdk/src/common/pico_sync/lock_core.c.obj
 .debug_aranges
                0x000002d0       0x90 CMakeFiles/ad5694r.dir/D_/LBNP_programming/Pico/pico-sdk/src/common/pico_sync/mutex.c.obj
 .debug_aranges
                0x00000360       0xe8 CMakeFiles/ad5694r.dir/D_/LBNP_programming/Pico/pico-sdk/src/common/pico_time/time.c.obj
 .debug_aranges
                0x00000448       0x88 CMakeFiles/ad5694r.dir/D_/LBNP_programming/Pico/pico-sdk/src/rp2_common/hardware_timer/timer.c.obj
 .debug_aranges
                0x000004d0       0x78 CMakeFiles/ad5694r.dir/D_/LBNP_programming/Pico/pico-sdk/src/common/pico_util/pheap.c.obj
 .debug_aranges
                0x00000548       0x70 CMakeFiles/ad5694r.dir/D_/LBNP_programming/Pico/pico-sdk/src/rp2_common/hardware_clocks/clocks.c.obj
 .debug_aranges
                0x000005b8       0x28 CMakeFiles/ad5694r.dir/D_/LBNP_programming/Pico/pico-sdk/src/rp2_common/hardware_pll/pll.c.obj
 .debug_aranges
                0x000005e0       0x58 CMakeFiles/ad5694r.dir/D_/LBNP_programming/Pico/pico-sdk/src/rp2_common/hardware_watchdog/watchdog.c.obj
 .debug_aranges
                0x00000638       0x30 CMakeFiles/ad5694r.dir/D_/LBNP_programming/Pico/pico-sdk/src/rp2_common/hardware_xosc/xosc.c.obj
 .debug_aranges
                0x00000668       0x88 CMakeFiles/ad5694r.dir/D_/LBNP_programming/Pico/pico-sdk/src/rp2_common/pico_runtime/runtime.c.obj
 .debug_aranges
                0x000006f0       0x90 CMakeFiles/ad5694r.dir/D_/LBNP_programming/Pico/pico-sdk/src/rp2_common/pico_printf/printf.c.obj
 .debug_aranges
                0x00000780       0x68 CMakeFiles/ad5694r.dir/D_/LBNP_programming/Pico/pico-sdk/src/rp2_common/pico_bit_ops/bit_ops_aeabi.S.obj
 .debug_aranges
                0x000007e8       0x30 CMakeFiles/ad5694r.dir/D_/LBNP_programming/Pico/pico-sdk/src/rp2_common/pico_bootrom/bootrom.c.obj
 .debug_aranges
                0x00000818       0x40 CMakeFiles/ad5694r.dir/D_/LBNP_programming/Pico/pico-sdk/src/rp2_common/pico_divider/divider.S.obj
 .debug_aranges
                0x00000858      0x140 CMakeFiles/ad5694r.dir/D_/LBNP_programming/Pico/pico-sdk/src/rp2_common/pico_double/double_aeabi.S.obj
 .debug_aranges
                0x00000998       0x20 CMakeFiles/ad5694r.dir/D_/LBNP_programming/Pico/pico-sdk/src/rp2_common/pico_double/double_init_rom.c.obj
 .debug_aranges
                0x000009b8       0xc8 CMakeFiles/ad5694r.dir/D_/LBNP_programming/Pico/pico-sdk/src/rp2_common/pico_double/double_v1_rom_shim.S.obj
 .debug_aranges
                0x00000a80       0x20 CMakeFiles/ad5694r.dir/D_/LBNP_programming/Pico/pico-sdk/src/rp2_common/pico_int64_ops/pico_int64_ops_aeabi.S.obj
 .debug_aranges
                0x00000aa0      0x130 CMakeFiles/ad5694r.dir/D_/LBNP_programming/Pico/pico-sdk/src/rp2_common/pico_float/float_aeabi.S.obj
 .debug_aranges
                0x00000bd0       0x20 CMakeFiles/ad5694r.dir/D_/LBNP_programming/Pico/pico-sdk/src/rp2_common/pico_float/float_init_rom.c.obj
 .debug_aranges
                0x00000bf0       0x50 CMakeFiles/ad5694r.dir/D_/LBNP_programming/Pico/pico-sdk/src/rp2_common/pico_float/float_v1_rom_shim.S.obj
 .debug_aranges
                0x00000c40       0x38 CMakeFiles/ad5694r.dir/D_/LBNP_programming/Pico/pico-sdk/src/rp2_common/pico_mem_ops/mem_ops_aeabi.S.obj
 .debug_aranges
                0x00000c78       0x28 CMakeFiles/ad5694r.dir/D_/LBNP_programming/Pico/pico-sdk/src/rp2_common/pico_standard_link/crt0.S.obj
 .debug_aranges
                0x00000ca0       0x18 CMakeFiles/ad5694r.dir/D_/LBNP_programming/Pico/pico-sdk/src/rp2_common/pico_standard_link/binary_info.c.obj
 .debug_aranges
                0x00000cb8      0x100 CMakeFiles/ad5694r.dir/D_/LBNP_programming/Pico/pico-sdk/src/rp2_common/pico_stdio/stdio.c.obj
 .debug_aranges
                0x00000db8       0x78 CMakeFiles/ad5694r.dir/D_/LBNP_programming/Pico/pico-sdk/src/rp2_common/hardware_i2c/i2c.c.obj

.debug_ranges   0x00000000     0x3118
 .debug_ranges  0x00000000       0x10 CMakeFiles/ad5694r.dir/ad5694r.cpp.obj
 .debug_ranges  0x00000010      0x150 CMakeFiles/ad5694r.dir/D_/LBNP_programming/Pico/pico-sdk/src/rp2_common/hardware_gpio/gpio.c.obj
 .debug_ranges  0x00000160       0x18 CMakeFiles/ad5694r.dir/D_/LBNP_programming/Pico/pico-sdk/src/rp2_common/pico_platform/platform.c.obj
 .debug_ranges  0x00000178       0xd8 CMakeFiles/ad5694r.dir/D_/LBNP_programming/Pico/pico-sdk/src/rp2_common/hardware_claim/claim.c.obj
 .debug_ranges  0x00000250       0xf0 CMakeFiles/ad5694r.dir/D_/LBNP_programming/Pico/pico-sdk/src/rp2_common/hardware_sync/sync.c.obj
 .debug_ranges  0x00000340      0x400 CMakeFiles/ad5694r.dir/D_/LBNP_programming/Pico/pico-sdk/src/rp2_common/hardware_irq/irq.c.obj
 .debug_ranges  0x00000740       0x10 CMakeFiles/ad5694r.dir/D_/LBNP_programming/Pico/pico-sdk/src/common/pico_sync/lock_core.c.obj
 .debug_ranges  0x00000750      0xac0 CMakeFiles/ad5694r.dir/D_/LBNP_programming/Pico/pico-sdk/src/common/pico_sync/mutex.c.obj
 .debug_ranges  0x00001210      0xcb8 CMakeFiles/ad5694r.dir/D_/LBNP_programming/Pico/pico-sdk/src/common/pico_time/time.c.obj
 .debug_ranges  0x00001ec8      0x3d0 CMakeFiles/ad5694r.dir/D_/LBNP_programming/Pico/pico-sdk/src/rp2_common/hardware_timer/timer.c.obj
 .debug_ranges  0x00002298      0x248 CMakeFiles/ad5694r.dir/D_/LBNP_programming/Pico/pico-sdk/src/common/pico_util/pheap.c.obj
 .debug_ranges  0x000024e0       0x60 CMakeFiles/ad5694r.dir/D_/LBNP_programming/Pico/pico-sdk/src/rp2_common/hardware_clocks/clocks.c.obj
 .debug_ranges  0x00002540       0x30 CMakeFiles/ad5694r.dir/D_/LBNP_programming/Pico/pico-sdk/src/rp2_common/hardware_pll/pll.c.obj
 .debug_ranges  0x00002570       0x48 CMakeFiles/ad5694r.dir/D_/LBNP_programming/Pico/pico-sdk/src/rp2_common/hardware_watchdog/watchdog.c.obj
 .debug_ranges  0x000025b8       0x20 CMakeFiles/ad5694r.dir/D_/LBNP_programming/Pico/pico-sdk/src/rp2_common/hardware_xosc/xosc.c.obj
 .debug_ranges  0x000025d8      0x168 CMakeFiles/ad5694r.dir/D_/LBNP_programming/Pico/pico-sdk/src/rp2_common/pico_runtime/runtime.c.obj
 .debug_ranges  0x00002740      0x108 CMakeFiles/ad5694r.dir/D_/LBNP_programming/Pico/pico-sdk/src/rp2_common/pico_printf/printf.c.obj
 .debug_ranges  0x00002848       0x60 CMakeFiles/ad5694r.dir/D_/LBNP_programming/Pico/pico-sdk/src/rp2_common/pico_bit_ops/bit_ops_aeabi.S.obj
 .debug_ranges  0x000028a8       0x38 CMakeFiles/ad5694r.dir/D_/LBNP_programming/Pico/pico-sdk/src/rp2_common/pico_bootrom/bootrom.c.obj
 .debug_ranges  0x000028e0       0x38 CMakeFiles/ad5694r.dir/D_/LBNP_programming/Pico/pico-sdk/src/rp2_common/pico_divider/divider.S.obj
 .debug_ranges  0x00002918      0x138 CMakeFiles/ad5694r.dir/D_/LBNP_programming/Pico/pico-sdk/src/rp2_common/pico_double/double_aeabi.S.obj
 .debug_ranges  0x00002a50       0x30 CMakeFiles/ad5694r.dir/D_/LBNP_programming/Pico/pico-sdk/src/rp2_common/pico_double/double_init_rom.c.obj
 .debug_ranges  0x00002a80       0xc0 CMakeFiles/ad5694r.dir/D_/LBNP_programming/Pico/pico-sdk/src/rp2_common/pico_double/double_v1_rom_shim.S.obj
 .debug_ranges  0x00002b40      0x128 CMakeFiles/ad5694r.dir/D_/LBNP_programming/Pico/pico-sdk/src/rp2_common/pico_float/float_aeabi.S.obj
 .debug_ranges  0x00002c68       0x28 CMakeFiles/ad5694r.dir/D_/LBNP_programming/Pico/pico-sdk/src/rp2_common/pico_float/float_init_rom.c.obj
 .debug_ranges  0x00002c90       0x48 CMakeFiles/ad5694r.dir/D_/LBNP_programming/Pico/pico-sdk/src/rp2_common/pico_float/float_v1_rom_shim.S.obj
 .debug_ranges  0x00002cd8       0x30 CMakeFiles/ad5694r.dir/D_/LBNP_programming/Pico/pico-sdk/src/rp2_common/pico_mem_ops/mem_ops_aeabi.S.obj